Archive member included to satisfy reference by file (symbol)

/home/niuyongfeng/tx511_sdk_orgin/libs/trp/rne/tx5386_ck804/TX5368x-Lib-nano/RNE-RT-Lib/examples/output_crc_demo/../../libs/32bit/librne_rt_g2.a(rne_c_api.c.o)
                              CMakeFiles/output_crc_demo.elf.dir/src/main.c.o (TS_MPI_TRP_RNE_OnceLoad)
/home/niuyongfeng/tx511_sdk_orgin/libs/trp/rne/tx5386_ck804/TX5368x-Lib-nano/RNE-RT-Lib/examples/output_crc_demo/../../libs/32bit/librne_rt_g2.a(rne_device.c.o)
                              CMakeFiles/output_crc_demo.elf.dir/src/main.c.o (TS_MPI_TRP_RNE_OpenDevice)
/home/niuyongfeng/tx511_sdk_orgin/libs/trp/rne/tx5386_ck804/TX5368x-Lib-nano/RNE-RT-Lib/examples/output_crc_demo/../../libs/32bit/librne_rt_g2.a(rne_hw_config.c.o)
                              /home/niuyongfeng/tx511_sdk_orgin/libs/trp/rne/tx5386_ck804/TX5368x-Lib-nano/RNE-RT-Lib/examples/output_crc_demo/../../libs/32bit/librne_rt_g2.a(rne_c_api.c.o) (rne_config_init)
/home/niuyongfeng/tx511_sdk_orgin/libs/trp/rne/tx5386_ck804/TX5368x-Lib-nano/RNE-RT-Lib/examples/output_crc_demo/../../libs/32bit/librne_rt_g2.a(rne_inference.c.o)
                              /home/niuyongfeng/tx511_sdk_orgin/libs/trp/rne/tx5386_ck804/TX5368x-Lib-nano/RNE-RT-Lib/examples/output_crc_demo/../../libs/32bit/librne_rt_g2.a(rne_device.c.o) (rne_inference_init)
/home/niuyongfeng/tx511_sdk_orgin/libs/trp/rne/tx5386_ck804/TX5368x-Lib-nano/RNE-RT-Lib/examples/output_crc_demo/../../libs/32bit/librne_rt_g2.a(rne_instr_ops.c.o)
                              /home/niuyongfeng/tx511_sdk_orgin/libs/trp/rne/tx5386_ck804/TX5368x-Lib-nano/RNE-RT-Lib/examples/output_crc_demo/../../libs/32bit/librne_rt_g2.a(rne_hw_config.c.o) (rne_set_instr)
/home/niuyongfeng/tx511_sdk_orgin/libs/trp/rne/tx5386_ck804/TX5368x-Lib-nano/RNE-RT-Lib/examples/output_crc_demo/../../libs/32bit/librne_rt_g2.a(tx212mpw_cfg_d.pb-c.c.o)
                              /home/niuyongfeng/tx511_sdk_orgin/libs/trp/rne/tx5386_ck804/TX5368x-Lib-nano/RNE-RT-Lib/examples/output_crc_demo/../../libs/32bit/librne_rt_g2.a(rne_c_api.c.o) (r212md__graph_info__unpack)
/home/niuyongfeng/tx511_sdk_orgin/libs/trp/rne/tx5386_ck804/TX5368x-Lib-nano/RNE-RT-Lib/examples/output_crc_demo/../../libs/32bit/librne_rt_g2.a(tx212mpw_cfg_r.pb-c.c.o)
                              /home/niuyongfeng/tx511_sdk_orgin/libs/trp/rne/tx5386_ck804/TX5368x-Lib-nano/RNE-RT-Lib/examples/output_crc_demo/../../libs/32bit/librne_rt_g2.a(rne_c_api.c.o) (r212mr__swnode__init)
/home/niuyongfeng/tx511_sdk_orgin/libs/trp/rne/tx5386_ck804/TX5368x-Lib-nano/RNE-RT-Lib/examples/output_crc_demo/../../libs/32bit/librne_rt_g2.a(tx212mpw_common.pb-c.c.o)
                              /home/niuyongfeng/tx511_sdk_orgin/libs/trp/rne/tx5386_ck804/TX5368x-Lib-nano/RNE-RT-Lib/examples/output_crc_demo/../../libs/32bit/librne_rt_g2.a(tx212mpw_cfg_d.pb-c.c.o) (cmn__software_param__descriptor)
/home/niuyongfeng/tx511_sdk_orgin/libs/trp/rne/tx5386_ck804/TX5368x-Lib-nano/RNE-RT-Lib/examples/output_crc_demo/../../libs/32bit/librne_rt_g2.a(rne_list.c.o)
                              /home/niuyongfeng/tx511_sdk_orgin/libs/trp/rne/tx5386_ck804/TX5368x-Lib-nano/RNE-RT-Lib/examples/output_crc_demo/../../libs/32bit/librne_rt_g2.a(rne_c_api.c.o) (rne_list_create)
/home/niuyongfeng/tx511_sdk_orgin/libs/trp/rne/tx5386_ck804/TX5368x-Lib-nano/RNE-RT-Lib/examples/output_crc_demo/../../libs/32bit/librne_rt_g2.a(rne_mem_manage.c.o)
                              /home/niuyongfeng/tx511_sdk_orgin/libs/trp/rne/tx5386_ck804/TX5368x-Lib-nano/RNE-RT-Lib/examples/output_crc_demo/../../libs/32bit/librne_rt_g2.a(rne_hw_config.c.o) (rne_create_mem_manage)
/home/niuyongfeng/tx511_sdk_orgin/libs/trp/rne/tx5386_ck804/TX5368x-Lib-nano/RNE-RT-Lib/examples/output_crc_demo/../../libs/32bit/librne_rt_g2.a(rne_vector.c.o)
                              /home/niuyongfeng/tx511_sdk_orgin/libs/trp/rne/tx5386_ck804/TX5368x-Lib-nano/RNE-RT-Lib/examples/output_crc_demo/../../libs/32bit/librne_rt_g2.a(rne_c_api.c.o) (rne_vector_create)
/home/niuyongfeng/tx511_sdk_orgin/libs/trp/rne/tx5386_ck804/TX5368x-Lib-nano/RNE-RT-Lib/examples/output_crc_demo/../../libs/32bit/librne_rt_g2.a(rne_log.c.o)
                              CMakeFiles/output_crc_demo.elf.dir/src/main.c.o (TS_MPI_TRP_RNE_SetLogLevel)
/home/niuyongfeng/tx511_sdk_orgin/libs/trp/rne/tx5386_ck804/TX5368x-Lib-nano/RNE-RT-Lib/examples/output_crc_demo/../../libs/32bit/librne_rt_g2.a(rne_nn_input.c.o)
                              CMakeFiles/output_crc_demo.elf.dir/src/main.c.o (TS_MPI_TRP_RNE_FillInputBlobs)
/home/niuyongfeng/tx511_sdk_orgin/libs/trp/rne/tx5386_ck804/TX5368x-Lib-nano/RNE-RT-Lib/examples/output_crc_demo/../../libs/32bit/librne_rt_g2.a(rne_sdk_version.c.o)
                              CMakeFiles/output_crc_demo.elf.dir/src/main.c.o (TS_MPI_TRP_RNE_GetSdkVersion)
/home/niuyongfeng/tx511_sdk_orgin/libs/trp/rne/tx5386_ck804/TX5368x-Lib-nano/RNE-RT-Lib/examples/output_crc_demo/../../libs/32bit/librne_rt_g2.a(protobuf-c.c.o)
[...]
Memory Configuration

Name             Origin             Length             Attributes
IRAM             0x00000000f1200000 0x0000000000020000
DRAM             0x00000000f1220000 0x0000000000040000
*default*        0x0000000000000000 0xffffffffffffffff

Linker script and memory map

                0x0000000000000400                __min_heap_size = 0x400
                0x00000000f1260000                PROVIDE (__ram_end, 0xf1260000)
                0x00000000f1260000                PROVIDE (__heap_end, __ram_end)

.text           0x00000000f1200000     0xf690
                0x00000000f1200000                . = ALIGN (0x4)
                0x00000000f1200000                __stext = .
 *startup.o(.text)
 .text          0x00000000f1200000       0x78 /home/niuyongfeng/tx511_sdk_orgin/libs/trp/rne/tx5386_ck804/TX5368x-Lib-nano/RNE-RT-Lib/examples/output_crc_demo/../../libs/32bit/libck804_bsp.a(startup.o)
                0x00000000f1200004                Reset_Handler
 *(SORT(.csky.code.*))
 *(.text)
 .text          0x00000000f1200078       0xa4 CMakeFiles/output_crc_demo.elf.dir/src/ts_rne_crc.c.o
                0x00000000f1200078                TS_MPI_TRP_RNE_CRC16CCITT
                0x00000000f12000a4                TS_MPI_TRP_RNE_GetBlobsCRC16CCITT
 .text          0x00000000f120011c      0x1e4 CMakeFiles/output_crc_demo.elf.dir/src/ts_rne_gp_custom_operator.c.o
                0x00000000f120011c                TS_MPI_TRP_RNE_GpLayerCustormOperator
 .text          0x00000000f1200300       0x1c CMakeFiles/output_crc_demo.elf.dir/src/ts_rne_gp_layers.c.o
                0x00000000f1200300                TS_MPI_TRP_RNE_RegisterGpLayers
 .text          0x00000000f120031c       0x40 /home/niuyongfeng/tx511_sdk_orgin/libs/trp/rne/tx5386_ck804/TX5368x-Lib-nano/RNE-RT-Lib/examples/output_crc_demo/../../libs/32bit/libck804_bsp.a(vectors.o)
                0x00000000f120031c                trap
                0x00000000f1200354                GPIO5_IRQHandler
                0x00000000f1200354                STIM2_IRQHandler
                0x00000000f1200354                USART_IRQHandler
                0x00000000f1200354                GPIO6_IRQHandler
                0x00000000f1200354                GPIO1_IRQHandler
                0x00000000f1200354                tspend_handler
                0x00000000f1200354                GPIO2_IRQHandler
                0x00000000f1200354                Default_Handler
                0x00000000f1200354                PAD_IRQHandler
                0x00000000f1200354                STIM1_IRQHandler
                0x00000000f1200354                GPIO3_IRQHandler
                0x00000000f1200354                STIM3_IRQHandler
                0x00000000f1200354                GPIO7_IRQHandler
                0x00000000f1200354                trap0_handler
                0x00000000f1200354                GPIO0_IRQHandler
                0x00000000f1200354                STIM0_IRQHandler
                0x00000000f1200354                GPIO4_IRQHandler
 .text          0x00000000f120035c       0x28 /home/niuyongfeng/csky-elfabiv2-tools-x86_64-minilibc/bin/../lib/gcc/csky-elfabiv2/6.3.0/ck803/hard-fp/libgcc.a(_ashldi3.o)
                0x00000000f120035c                __ashldi3
 .text          0x00000000f1200384       0x2a /home/niuyongfeng/csky-elfabiv2-tools-x86_64-minilibc/bin/../lib/gcc/csky-elfabiv2/6.3.0/ck803/hard-fp/libgcc.a(_ashrdi3.o)
                0x00000000f1200384                __ashrdi3
 *fill*         0x00000000f12003ae        0x2 
 .text          0x00000000f12003b0       0x38 /home/niuyongfeng/csky-elfabiv2-tools-x86_64-minilibc/bin/../lib/gcc/csky-elfabiv2/6.3.0/ck803/hard-fp/libgcc.a(_fixdfdi.o)
                0x00000000f12003b0                __fixdfdi
 .text          0x00000000f12003e8       0x42 /home/niuyongfeng/csky-elfabiv2-tools-x86_64-minilibc/bin/../lib/gcc/csky-elfabiv2/6.3.0/ck803/hard-fp/libgcc.a(_fixunsdfdi.o)
                0x00000000f12003e8                __fixunsdfdi
 *fill*         0x00000000f120042a        0x2 
 .text          0x00000000f120042c       0x7a /home/niuyongfeng/csky-elfabiv2-tools-x86_64-minilibc/bin/../lib/gcc/csky-elfabiv2/6.3.0/ck803/hard-fp/libgcc.a(_floatdisf.o)
                0x00000000f120042c                __floatdisf
 *fill*         0x00000000f12004a6        0x2 
 .text          0x00000000f12004a8      0x334 /home/niuyongfeng/csky-elfabiv2-tools-x86_64-minilibc/bin/../lib/gcc/csky-elfabiv2/6.3.0/ck803/hard-fp/libgcc.a(_udivdi3.o)
                0x00000000f12004a8                __udivdi3
 .text          0x00000000f12007dc       0x2a /home/niuyongfeng/csky-elfabiv2-tools-x86_64-minilibc/bin/../lib/gcc/csky-elfabiv2/6.3.0/ck803/hard-fp/libgcc.a(_sf_to_df.o)
                0x00000000f12007dc                __extendsfdf2
 *fill*         0x00000000f1200806        0x2 
 .text          0x00000000f1200808      0x330 /home/niuyongfeng/csky-elfabiv2-tools-x86_64-minilibc/bin/../lib/gcc/csky-elfabiv2/6.3.0/ck803/hard-fp/libgcc.a(_addsub_df.o)
                0x00000000f1200acc                __adddf3
                0x00000000f1200afc                __subdf3
 .text          0x00000000f1200b38      0x200 /home/niuyongfeng/csky-elfabiv2-tools-x86_64-minilibc/bin/../lib/gcc/csky-elfabiv2/6.3.0/ck803/hard-fp/libgcc.a(_mul_df.o)
                0x00000000f1200b38                __muldf3
 .text          0x00000000f1200d38      0x118 /home/niuyongfeng/csky-elfabiv2-tools-x86_64-minilibc/bin/../lib/gcc/csky-elfabiv2/6.3.0/ck803/hard-fp/libgcc.a(_div_df.o)
                0x00000000f1200d38                __divdf3
 .text          0x00000000f1200e50       0x38 /home/niuyongfeng/csky-elfabiv2-tools-x86_64-minilibc/bin/../lib/gcc/csky-elfabiv2/6.3.0/ck803/hard-fp/libgcc.a(_eq_df.o)
                0x00000000f1200e50                __eqdf2
 .text          0x00000000f1200e88       0x40 /home/niuyongfeng/csky-elfabiv2-tools-x86_64-minilibc/bin/../lib/gcc/csky-elfabiv2/6.3.0/ck803/hard-fp/libgcc.a(_gt_df.o)
                0x00000000f1200e88                __gtdf2
 .text          0x00000000f1200ec8       0x38 /home/niuyongfeng/csky-elfabiv2-tools-x86_64-minilibc/bin/../lib/gcc/csky-elfabiv2/6.3.0/ck803/hard-fp/libgcc.a(_lt_df.o)
                0x00000000f1200ec8                __ltdf2
 .text          0x00000000f1200f00       0x68 /home/niuyongfeng/csky-elfabiv2-tools-x86_64-minilibc/bin/../lib/gcc/csky-elfabiv2/6.3.0/ck803/hard-fp/libgcc.a(_si_to_df.o)
                0x00000000f1200f00                __floatsidf
 .text          0x00000000f1200f68       0x2e /home/niuyongfeng/csky-elfabiv2-tools-x86_64-minilibc/bin/../lib/gcc/csky-elfabiv2/6.3.0/ck803/hard-fp/libgcc.a(_make_df.o)
                0x00000000f1200f68                __make_dp
 *fill*         0x00000000f1200f96        0x2 
 .text          0x00000000f1200f98       0x34 /home/niuyongfeng/csky-elfabiv2-tools-x86_64-minilibc/bin/../lib/gcc/csky-elfabiv2/6.3.0/ck803/hard-fp/libgcc.a(_df_to_sf.o)
                0x00000000f1200f98                __truncdfsf2
 .text          0x00000000f1200fcc       0x56 /home/niuyongfeng/csky-elfabiv2-tools-x86_64-minilibc/bin/../lib/gcc/csky-elfabiv2/6.3.0/ck803/hard-fp/libgcc.a(_usi_to_df.o)
                0x00000000f1200fcc                __floatunsidf
 *fill*         0x00000000f1201022        0x2 
 .text          0x00000000f1201024       0x4a /home/niuyongfeng/csky-elfabiv2-tools-x86_64-minilibc/bin/../lib/gcc/csky-elfabiv2/6.3.0/ck803/hard-fp/libgcc.a(_muldi3.o)
                0x00000000f1201024                __muldi3
 *fill*         0x00000000f120106e        0x2 
 .text          0x00000000f1201070       0x38 /home/niuyongfeng/csky-elfabiv2-tools-x86_64-minilibc/bin/../lib/gcc/csky-elfabiv2/6.3.0/ck803/hard-fp/libgcc.a(_fixunsdfsi.o)
                0x00000000f1201070                __fixunsdfsi
 .text          0x00000000f12010a8       0x7c /home/niuyongfeng/csky-elfabiv2-tools-x86_64-minilibc/bin/../lib/gcc/csky-elfabiv2/6.3.0/ck803/hard-fp/libgcc.a(_unpack_sf.o)
                0x00000000f12010a8                __unpack_f
 .text          0x00000000f1201124       0x16 /home/niuyongfeng/csky-elfabiv2-tools-x86_64-minilibc/bin/../lib/gcc/csky-elfabiv2/6.3.0/ck803/hard-fp/libgcc.a(_make_sf.o)
                0x00000000f1201124                __make_fp
 *fill*         0x00000000f120113a        0x2 
 .text          0x00000000f120113c      0x18e /home/niuyongfeng/csky-elfabiv2-tools-x86_64-minilibc/bin/../lib/gcc/csky-elfabiv2/6.3.0/ck803/hard-fp/libgcc.a(_pack_df.o)
                0x00000000f120113c                __pack_d
 *fill*         0x00000000f12012ca        0x2 
 .text          0x00000000f12012cc       0xe4 /home/niuyongfeng/csky-elfabiv2-tools-x86_64-minilibc/bin/../lib/gcc/csky-elfabiv2/6.3.0/ck803/hard-fp/libgcc.a(_unpack_df.o)
                0x00000000f12012cc                __unpack_d
 .text          0x00000000f12013b0       0xc2 /home/niuyongfeng/csky-elfabiv2-tools-x86_64-minilibc/bin/../lib/gcc/csky-elfabiv2/6.3.0/ck803/hard-fp/libgcc.a(_fpcmp_parts_df.o)
                0x00000000f12013b0                __fpcmp_parts_d
 *fill*         0x00000000f1201472        0x2 
 .text          0x00000000f1201474       0x40 /home/niuyongfeng/csky-elfabiv2-tools-x86_64-minilibc/bin/../lib/gcc/csky-elfabiv2/6.3.0/ck803/hard-fp/libgcc.a(_ge_df.o)
                0x00000000f1201474                __gedf2
 .text          0x00000000f12014b4       0x70 /home/niuyongfeng/csky-elfabiv2-tools-x86_64-minilibc/bin/../lib/gcc/csky-elfabiv2/6.3.0/ck803/hard-fp/libgcc.a(_df_to_si.o)
                0x00000000f12014b4                __fixdfsi
 .text          0x00000000f1201524       0xc0 /home/niuyongfeng/csky-elfabiv2-tools-x86_64-minilibc/bin/../lib/gcc/csky-elfabiv2/6.3.0/ck803/hard-fp/libgcc.a(_pack_sf.o)
                0x00000000f1201524                __pack_f
 .text          0x00000000f12015e4       0x1c /home/niuyongfeng/csky-elfabiv2-tools-x86_64-minilibc/bin/../lib/gcc/csky-elfabiv2/6.3.0/../../../../csky-elfabiv2/lib/ck803/hard-fp/libc.a(printf_required.o)
                0x00000000f12015e4                __cskyvprintfprintf
 .text          0x00000000f1201600       0x18 /home/niuyongfeng/csky-elfabiv2-tools-x86_64-minilibc/bin/../lib/gcc/csky-elfabiv2/6.3.0/../../../../csky-elfabiv2/lib/ck803/hard-fp/libc.a(puts.o)
                0x00000000f1201600                puts
                0x00000000f1201600                __GI_puts
 .text          0x00000000f1201618       0x4a /home/niuyongfeng/csky-elfabiv2-tools-x86_64-minilibc/bin/../lib/gcc/csky-elfabiv2/6.3.0/../../../../csky-elfabiv2/lib/ck803/hard-fp/libc.a(fputs.o)
                0x00000000f1201618                __GI_fputs
                0x00000000f1201618                fputs
 *fill*         0x00000000f1201662        0x2 
 .text          0x00000000f1201664       0x10 /home/niuyongfeng/csky-elfabiv2-tools-x86_64-minilibc/bin/../lib/gcc/csky-elfabiv2/6.3.0/../../../../csky-elfabiv2/lib/ck803/hard-fp/libc.a(putchar.o)
                0x00000000f1201664                putchar
                0x00000000f1201664                __GI_putchar
 .text          0x00000000f1201674       0x54 /home/niuyongfeng/csky-elfabiv2-tools-x86_64-minilibc/bin/../lib/gcc/csky-elfabiv2/6.3.0/../../../../csky-elfabiv2/lib/ck803/hard-fp/libc.a(vprintf_required.o)
                0x00000000f1201674                __stdio_outs
                0x00000000f12016a4                __cskyvprintfvprintf
 .text          0x00000000f12016c8       0x50 /home/niuyongfeng/csky-elfabiv2-tools-x86_64-minilibc/bin/../lib/gcc/csky-elfabiv2/6.3.0/../../../../csky-elfabiv2/lib/ck803/hard-fp/libc.a(qsort.o)
                0x00000000f12016c8                qsort
                0x00000000f12016c8                __GI_qsort
 .text          0x00000000f1201718       0x7e /home/niuyongfeng/csky-elfabiv2-tools-x86_64-minilibc/bin/../lib/gcc/csky-elfabiv2/6.3.0/../../../../csky-elfabiv2/lib/ck803/hard-fp/libc.a(memcpy_fast.o)
                0x00000000f1201718                memcpy
                0x00000000f1201718                __memcpy_fast
 *fill*         0x00000000f1201796        0x2 
 .text          0x00000000f1201798       0xa0 /home/niuyongfeng/csky-elfabiv2-tools-x86_64-minilibc/bin/../lib/gcc/csky-elfabiv2/6.3.0/../../../../csky-elfabiv2/lib/ck803/hard-fp/libc.a(memset_fast.o)
                0x00000000f1201798                __memset_fast
                0x00000000f1201798                memset
 .text          0x00000000f1201838       0xb8 /home/niuyongfeng/csky-elfabiv2-tools-x86_64-minilibc/bin/../lib/gcc/csky-elfabiv2/6.3.0/../../../../csky-elfabiv2/lib/ck803/hard-fp/libc.a(memmove_fast.o)
                0x00000000f1201838                memmove
                0x00000000f1201838                __memmove_fast
 .text          0x00000000f12018f0       0x3e /home/niuyongfeng/csky-elfabiv2-tools-x86_64-minilibc/bin/../lib/gcc/csky-elfabiv2/6.3.0/../../../../csky-elfabiv2/lib/ck803/hard-fp/libc.a(strlen_fast.o)
                0x00000000f12018f0                __strlen_fast
                0x00000000f12018f0                strlen
 *fill*         0x00000000f120192e        0x2 
 .text          0x00000000f1201930       0xd6 /home/niuyongfeng/csky-elfabiv2-tools-x86_64-minilibc/bin/../lib/gcc/csky-elfabiv2/6.3.0/../../../../csky-elfabiv2/lib/ck803/hard-fp/libc.a(strcmp_fast.o)
                0x00000000f1201930                __strcmp_fast
                0x00000000f1201930                strcmp
 *fill*         0x00000000f1201a06        0x2 
 .text          0x00000000f1201a08        0x8 /home/niuyongfeng/csky-elfabiv2-tools-x86_64-minilibc/bin/../lib/gcc/csky-elfabiv2/6.3.0/../../../../csky-elfabiv2/lib/ck803/hard-fp/libc.a(putc.o)
                0x00000000f1201a08                putc
                0x00000000f1201a08                __GI_putc
 .text          0x00000000f1201a10      0x75c /home/niuyongfeng/csky-elfabiv2-tools-x86_64-minilibc/bin/../lib/gcc/csky-elfabiv2/6.3.0/../../../../csky-elfabiv2/lib/ck803/hard-fp/libc.a(__v2_printfDFHLlMOPpSSsWp.o)
                0x00000000f1201a4c                __v2_printf$DFHLlMOPpSSsWp
                0x00000000f1201a4c                __v2_printf
 .text          0x00000000f120216c      0x324 /home/niuyongfeng/csky-elfabiv2-tools-x86_64-minilibc/bin/../lib/gcc/csky-elfabiv2/6.3.0/ck803/hard-fp/libgcc.a(_umoddi3.o)
                0x00000000f120216c                __umoddi3
 .text          0x00000000f1202490      0x422 /home/niuyongfeng/csky-elfabiv2-tools-x86_64-minilibc/bin/../lib/gcc/csky-elfabiv2/6.3.0/../../../../csky-elfabiv2/lib/ck803/hard-fp/libc.a(__dtostr.o)
                0x00000000f1202490                __dtostr
                0x00000000f1202490                __GI___dtostr
 *fill*         0x00000000f12028b2        0x2 
 .text          0x00000000f12028b4       0x2a /home/niuyongfeng/csky-elfabiv2-tools-x86_64-minilibc/bin/../lib/gcc/csky-elfabiv2/6.3.0/../../../../csky-elfabiv2/lib/ck803/hard-fp/libc.a(__isnan.o)
                0x00000000f12028b4                __isnan
 *fill*         0x00000000f12028de        0x2 
 .text          0x00000000f12028e0       0x2a /home/niuyongfeng/csky-elfabiv2-tools-x86_64-minilibc/bin/../lib/gcc/csky-elfabiv2/6.3.0/../../../../csky-elfabiv2/lib/ck803/hard-fp/libc.a(__isinf.o)
                0x00000000f12028e0                __isinf
 *fill*         0x00000000f120290a        0x2 
 .text          0x00000000f120290c       0x1c /home/niuyongfeng/csky-elfabiv2-tools-x86_64-minilibc/bin/../lib/gcc/csky-elfabiv2/6.3.0/../../../../csky-elfabiv2/lib/ck803/hard-fp/libc.a(strerror.o)
                0x00000000f120290c                strerror
                0x00000000f120290c                __GI_strerror
 .text          0x00000000f1202928       0xca /home/niuyongfeng/csky-elfabiv2-tools-x86_64-minilibc/bin/../lib/gcc/csky-elfabiv2/6.3.0/../../../../csky-elfabiv2/lib/ck803/hard-fp/libc.a(strcpy_fast.o)
                0x00000000f1202928                strcpy
                0x00000000f1202928                __strcpy_fast
 *fill*         0x00000000f12029f2        0x2 
 .text          0x00000000f12029f4       0x12 /home/niuyongfeng/csky-elfabiv2-tools-x86_64-minilibc/bin/../lib/gcc/csky-elfabiv2/6.3.0/../../../../csky-elfabiv2/lib/ck803/hard-fp/libc.a(strchr.o)
                0x00000000f12029f4                __GI_strchr
                0x00000000f12029f4                strchr
 *(.text*)
 *fill*         0x00000000f1202a06        0x2 
 .text.startup  0x00000000f1202a08      0x1d4 CMakeFiles/output_crc_demo.elf.dir/src/main.c.o
                0x00000000f1202a08                main
 .text.blob_cmp
                0x00000000f1202bdc        0xc /home/niuyongfeng/tx511_sdk_orgin/libs/trp/rne/tx5386_ck804/TX5368x-Lib-nano/RNE-RT-Lib/examples/output_crc_demo/../../libs/32bit/librne_rt_g2.a(rne_c_api.c.o)
 .text.layers_cmp
                0x00000000f1202be8        0xc /home/niuyongfeng/tx511_sdk_orgin/libs/trp/rne/tx5386_ck804/TX5368x-Lib-nano/RNE-RT-Lib/examples/output_crc_demo/../../libs/32bit/librne_rt_g2.a(rne_c_api.c.o)
 .text.ioLayer_cmp
                0x00000000f1202bf4        0xc /home/niuyongfeng/tx511_sdk_orgin/libs/trp/rne/tx5386_ck804/TX5368x-Lib-nano/RNE-RT-Lib/examples/output_crc_demo/../../libs/32bit/librne_rt_g2.a(rne_c_api.c.o)
 .text.weight_cmp
                0x00000000f1202c00        0xc /home/niuyongfeng/tx511_sdk_orgin/libs/trp/rne/tx5386_ck804/TX5368x-Lib-nano/RNE-RT-Lib/examples/output_crc_demo/../../libs/32bit/librne_rt_g2.a(rne_c_api.c.o)
 .text.proto_alloc
                0x00000000f1202c0c        0xa /home/niuyongfeng/tx511_sdk_orgin/libs/trp/rne/tx5386_ck804/TX5368x-Lib-nano/RNE-RT-Lib/examples/output_crc_demo/../../libs/32bit/librne_rt_g2.a(rne_c_api.c.o)
 *fill*         0x00000000f1202c16        0x2 
 .text.proto_free
                0x00000000f1202c18        0xa /home/niuyongfeng/tx511_sdk_orgin/libs/trp/rne/tx5386_ck804/TX5368x-Lib-nano/RNE-RT-Lib/examples/output_crc_demo/../../libs/32bit/librne_rt_g2.a(rne_c_api.c.o)
 *fill*         0x00000000f1202c22        0x2 
 .text.init_debug_info
                0x00000000f1202c24      0x198 /home/niuyongfeng/tx511_sdk_orgin/libs/trp/rne/tx5386_ck804/TX5368x-Lib-nano/RNE-RT-Lib/examples/output_crc_demo/../../libs/32bit/librne_rt_g2.a(rne_c_api.c.o)
 .text.append_dma_config
                0x00000000f1202dbc      0x34c /home/niuyongfeng/tx511_sdk_orgin/libs/trp/rne/tx5386_ck804/TX5368x-Lib-nano/RNE-RT-Lib/examples/output_crc_demo/../../libs/32bit/librne_rt_g2.a(rne_c_api.c.o)
 .text.append_gemm_config
                0x00000000f1203108      0x4f4 /home/niuyongfeng/tx511_sdk_orgin/libs/trp/rne/tx5386_ck804/TX5368x-Lib-nano/RNE-RT-Lib/examples/output_crc_demo/../../libs/32bit/librne_rt_g2.a(rne_c_api.c.o)
 .text.append_misc_config
                0x00000000f12035fc      0x4be /home/niuyongfeng/tx511_sdk_orgin/libs/trp/rne/tx5386_ck804/TX5368x-Lib-nano/RNE-RT-Lib/examples/output_crc_demo/../../libs/32bit/librne_rt_g2.a(rne_c_api.c.o)
 *fill*         0x00000000f1203aba        0x2 
 .text.append_permute_config
                0x00000000f1203abc      0x2ec /home/niuyongfeng/tx511_sdk_orgin/libs/trp/rne/tx5386_ck804/TX5368x-Lib-nano/RNE-RT-Lib/examples/output_crc_demo/../../libs/32bit/librne_rt_g2.a(rne_c_api.c.o)
 .text.append_lut_config
                0x00000000f1203da8      0x358 /home/niuyongfeng/tx511_sdk_orgin/libs/trp/rne/tx5386_ck804/TX5368x-Lib-nano/RNE-RT-Lib/examples/output_crc_demo/../../libs/32bit/librne_rt_g2.a(rne_c_api.c.o)
 .text.append_prelu_config
                0x00000000f1204100      0x360 /home/niuyongfeng/tx511_sdk_orgin/libs/trp/rne/tx5386_ck804/TX5368x-Lib-nano/RNE-RT-Lib/examples/output_crc_demo/../../libs/32bit/librne_rt_g2.a(rne_c_api.c.o)
 .text.append_batchNorm_config
                0x00000000f1204460      0x364 /home/niuyongfeng/tx511_sdk_orgin/libs/trp/rne/tx5386_ck804/TX5368x-Lib-nano/RNE-RT-Lib/examples/output_crc_demo/../../libs/32bit/librne_rt_g2.a(rne_c_api.c.o)
 .text.append_padchannel_config
                0x00000000f12047c4      0x2e8 /home/niuyongfeng/tx511_sdk_orgin/libs/trp/rne/tx5386_ck804/TX5368x-Lib-nano/RNE-RT-Lib/examples/output_crc_demo/../../libs/32bit/librne_rt_g2.a(rne_c_api.c.o)
 .text.append_vect_config
                0x00000000f1204aac      0x40c /home/niuyongfeng/tx511_sdk_orgin/libs/trp/rne/tx5386_ck804/TX5368x-Lib-nano/RNE-RT-Lib/examples/output_crc_demo/../../libs/32bit/librne_rt_g2.a(rne_c_api.c.o)
 .text.append_concat_config
                0x00000000f1204eb8      0x430 /home/niuyongfeng/tx511_sdk_orgin/libs/trp/rne/tx5386_ck804/TX5368x-Lib-nano/RNE-RT-Lib/examples/output_crc_demo/../../libs/32bit/librne_rt_g2.a(rne_c_api.c.o)
 .text.append_slice_config
                0x00000000f12052e8      0x478 /home/niuyongfeng/tx511_sdk_orgin/libs/trp/rne/tx5386_ck804/TX5368x-Lib-nano/RNE-RT-Lib/examples/output_crc_demo/../../libs/32bit/librne_rt_g2.a(rne_c_api.c.o)
 .text.append_eltwise_config
                0x00000000f1205760      0x444 /home/niuyongfeng/tx511_sdk_orgin/libs/trp/rne/tx5386_ck804/TX5368x-Lib-nano/RNE-RT-Lib/examples/output_crc_demo/../../libs/32bit/librne_rt_g2.a(rne_c_api.c.o)
 .text.append_pool_config
                0x00000000f1205ba4      0x3b8 /home/niuyongfeng/tx511_sdk_orgin/libs/trp/rne/tx5386_ck804/TX5368x-Lib-nano/RNE-RT-Lib/examples/output_crc_demo/../../libs/32bit/librne_rt_g2.a(rne_c_api.c.o)
 .text.append_conv_config
                0x00000000f1205f5c      0x450 /home/niuyongfeng/tx511_sdk_orgin/libs/trp/rne/tx5386_ck804/TX5368x-Lib-nano/RNE-RT-Lib/examples/output_crc_demo/../../libs/32bit/librne_rt_g2.a(rne_c_api.c.o)
 .text.get_blobInfo
                0x00000000f12063ac       0x9c /home/niuyongfeng/tx511_sdk_orgin/libs/trp/rne/tx5386_ck804/TX5368x-Lib-nano/RNE-RT-Lib/examples/output_crc_demo/../../libs/32bit/librne_rt_g2.a(rne_c_api.c.o)
 .text.nets_update_blobAddr
                0x00000000f1206448       0x9c /home/niuyongfeng/tx511_sdk_orgin/libs/trp/rne/tx5386_ck804/TX5368x-Lib-nano/RNE-RT-Lib/examples/output_crc_demo/../../libs/32bit/librne_rt_g2.a(rne_c_api.c.o)
 .text.forward_GP
                0x00000000f12064e4      0x150 /home/niuyongfeng/tx511_sdk_orgin/libs/trp/rne/tx5386_ck804/TX5368x-Lib-nano/RNE-RT-Lib/examples/output_crc_demo/../../libs/32bit/librne_rt_g2.a(rne_c_api.c.o)
 .text.init_blobInfos.isra.2
                0x00000000f1206634       0x38 /home/niuyongfeng/tx511_sdk_orgin/libs/trp/rne/tx5386_ck804/TX5368x-Lib-nano/RNE-RT-Lib/examples/output_crc_demo/../../libs/32bit/librne_rt_g2.a(rne_c_api.c.o)
 .text.net_prepare_config
                0x00000000f120666c       0xb4 /home/niuyongfeng/tx511_sdk_orgin/libs/trp/rne/tx5386_ck804/TX5368x-Lib-nano/RNE-RT-Lib/examples/output_crc_demo/../../libs/32bit/librne_rt_g2.a(rne_c_api.c.o)
 .text.rne_get_hide_blobs.part.12
                0x00000000f1206720       0x18 /home/niuyongfeng/tx511_sdk_orgin/libs/trp/rne/tx5386_ck804/TX5368x-Lib-nano/RNE-RT-Lib/examples/output_crc_demo/../../libs/32bit/librne_rt_g2.a(rne_c_api.c.o)
 .text.rne_net_once_load_params
                0x00000000f1206738       0x58 /home/niuyongfeng/tx511_sdk_orgin/libs/trp/rne/tx5386_ck804/TX5368x-Lib-nano/RNE-RT-Lib/examples/output_crc_demo/../../libs/32bit/librne_rt_g2.a(rne_c_api.c.o)
                0x00000000f1206738                TS_MPI_TRP_RNE_OnceLoad
                0x00000000f1206738                rne_net_once_load_params
 .text.rne_net_init_config
                0x00000000f1206790      0x794 /home/niuyongfeng/tx511_sdk_orgin/libs/trp/rne/tx5386_ck804/TX5368x-Lib-nano/RNE-RT-Lib/examples/output_crc_demo/../../libs/32bit/librne_rt_g2.a(rne_c_api.c.o)
                0x00000000f1206790                rne_net_init_config
                0x00000000f1206790                TS_MPI_TRP_RNE_LoadModel
 .text.rne_net_free_config
                0x00000000f1206f24      0x170 /home/niuyongfeng/tx511_sdk_orgin/libs/trp/rne/tx5386_ck804/TX5368x-Lib-nano/RNE-RT-Lib/examples/output_crc_demo/../../libs/32bit/librne_rt_g2.a(rne_c_api.c.o)
                0x00000000f1206f24                rne_net_free_config
                0x00000000f1206f24                TS_MPI_TRP_RNE_UnloadModel
 .text.rne_net_forward
                0x00000000f1207094       0x54 /home/niuyongfeng/tx511_sdk_orgin/libs/trp/rne/tx5386_ck804/TX5368x-Lib-nano/RNE-RT-Lib/examples/output_crc_demo/../../libs/32bit/librne_rt_g2.a(rne_c_api.c.o)
                0x00000000f1207094                TS_MPI_TRP_RNE_Forward
                0x00000000f1207094                rne_net_forward
 .text.rne_get_input_blobs
                0x00000000f12070e8       0x30 /home/niuyongfeng/tx511_sdk_orgin/libs/trp/rne/tx5386_ck804/TX5368x-Lib-nano/RNE-RT-Lib/examples/output_crc_demo/../../libs/32bit/librne_rt_g2.a(rne_c_api.c.o)
                0x00000000f12070e8                TS_MPI_TRP_RNE_GetInputBlobs
                0x00000000f12070e8                rne_get_input_blobs
 .text.rne_device_open
                0x00000000f1207118       0x38 /home/niuyongfeng/tx511_sdk_orgin/libs/trp/rne/tx5386_ck804/TX5368x-Lib-nano/RNE-RT-Lib/examples/output_crc_demo/../../libs/32bit/librne_rt_g2.a(rne_device.c.o)
                0x00000000f1207118                TS_MPI_TRP_RNE_OpenDevice
                0x00000000f1207118                rne_device_open
 .text.rne_device_is_opened
                0x00000000f1207150       0x10 /home/niuyongfeng/tx511_sdk_orgin/libs/trp/rne/tx5386_ck804/TX5368x-Lib-nano/RNE-RT-Lib/examples/output_crc_demo/../../libs/32bit/librne_rt_g2.a(rne_device.c.o)
                0x00000000f1207150                rne_device_is_opened
 .text.rne_device_close
                0x00000000f1207160       0x38 /home/niuyongfeng/tx511_sdk_orgin/libs/trp/rne/tx5386_ck804/TX5368x-Lib-nano/RNE-RT-Lib/examples/output_crc_demo/../../libs/32bit/librne_rt_g2.a(rne_device.c.o)
                0x00000000f1207160                TS_MPI_TRP_RNE_CloseDevice
                0x00000000f1207160                rne_device_close
 .text.rne_device_set_buffer
                0x00000000f1207198       0xd4 /home/niuyongfeng/tx511_sdk_orgin/libs/trp/rne/tx5386_ck804/TX5368x-Lib-nano/RNE-RT-Lib/examples/output_crc_demo/../../libs/32bit/librne_rt_g2.a(rne_device.c.o)
                0x00000000f1207198                rne_device_set_buffer
 .text.rne_device_get_buffer
                0x00000000f120726c        0xc /home/niuyongfeng/tx511_sdk_orgin/libs/trp/rne/tx5386_ck804/TX5368x-Lib-nano/RNE-RT-Lib/examples/output_crc_demo/../../libs/32bit/librne_rt_g2.a(rne_device.c.o)
                0x00000000f120726c                rne_device_get_buffer
 .text.rne_init_gp_layer_num
                0x00000000f1207278       0x38 /home/niuyongfeng/tx511_sdk_orgin/libs/trp/rne/tx5386_ck804/TX5368x-Lib-nano/RNE-RT-Lib/examples/output_crc_demo/../../libs/32bit/librne_rt_g2.a(rne_device.c.o)
                0x00000000f1207278                rne_init_gp_layer_num
                0x00000000f1207278                TS_MPI_TRP_RNE_InitGpLayerNum
 .text.rne_register_gp_layer
                0x00000000f12072b0       0x40 /home/niuyongfeng/tx511_sdk_orgin/libs/trp/rne/tx5386_ck804/TX5368x-Lib-nano/RNE-RT-Lib/examples/output_crc_demo/../../libs/32bit/librne_rt_g2.a(rne_device.c.o)
                0x00000000f12072b0                rne_register_gp_layer
                0x00000000f12072b0                TS_MPI_TRP_RNE_RegisterGpLayer
 .text.rne_get_gp_layers_hd
                0x00000000f12072f0        0x8 /home/niuyongfeng/tx511_sdk_orgin/libs/trp/rne/tx5386_ck804/TX5368x-Lib-nano/RNE-RT-Lib/examples/output_crc_demo/../../libs/32bit/librne_rt_g2.a(rne_device.c.o)
                0x00000000f12072f0                TS_MPI_TRP_RNE_GetGpLayersHd
                0x00000000f12072f0                rne_get_gp_layers_hd
 .text.ins_load_instr
                0x00000000f12072f8       0x46 /home/niuyongfeng/tx511_sdk_orgin/libs/trp/rne/tx5386_ck804/TX5368x-Lib-nano/RNE-RT-Lib/examples/output_crc_demo/../../libs/32bit/librne_rt_g2.a(rne_hw_config.c.o)
 *fill*         0x00000000f120733e        0x2 
 .text.ins_load_weight
                0x00000000f1207340       0x76 /home/niuyongfeng/tx511_sdk_orgin/libs/trp/rne/tx5386_ck804/TX5368x-Lib-nano/RNE-RT-Lib/examples/output_crc_demo/../../libs/32bit/librne_rt_g2.a(rne_hw_config.c.o)
 *fill*         0x00000000f12073b6        0x2 
 .text.ins_load_scale
                0x00000000f12073b8       0x60 /home/niuyongfeng/tx511_sdk_orgin/libs/trp/rne/tx5386_ck804/TX5368x-Lib-nano/RNE-RT-Lib/examples/output_crc_demo/../../libs/32bit/librne_rt_g2.a(rne_hw_config.c.o)
 .text.ins_copy_feature
                0x00000000f1207418       0x82 /home/niuyongfeng/tx511_sdk_orgin/libs/trp/rne/tx5386_ck804/TX5368x-Lib-nano/RNE-RT-Lib/examples/output_crc_demo/../../libs/32bit/librne_rt_g2.a(rne_hw_config.c.o)
 *fill*         0x00000000f120749a        0x2 
 .text.ins_set0
                0x00000000f120749c       0x8a /home/niuyongfeng/tx511_sdk_orgin/libs/trp/rne/tx5386_ck804/TX5368x-Lib-nano/RNE-RT-Lib/examples/output_crc_demo/../../libs/32bit/librne_rt_g2.a(rne_hw_config.c.o)
 *fill*         0x00000000f1207526        0x2 
 .text.ins_config_gpr
                0x00000000f1207528       0x52 /home/niuyongfeng/tx511_sdk_orgin/libs/trp/rne/tx5386_ck804/TX5368x-Lib-nano/RNE-RT-Lib/examples/output_crc_demo/../../libs/32bit/librne_rt_g2.a(rne_hw_config.c.o)
 *fill*         0x00000000f120757a        0x2 
 .text.get_spm_id
                0x00000000f120757c      0x124 /home/niuyongfeng/tx511_sdk_orgin/libs/trp/rne/tx5386_ck804/TX5368x-Lib-nano/RNE-RT-Lib/examples/output_crc_demo/../../libs/32bit/librne_rt_g2.a(rne_hw_config.c.o)
 .text.load_scale
                0x00000000f12076a0       0xd6 /home/niuyongfeng/tx511_sdk_orgin/libs/trp/rne/tx5386_ck804/TX5368x-Lib-nano/RNE-RT-Lib/examples/output_crc_demo/../../libs/32bit/librne_rt_g2.a(rne_hw_config.c.o)
 *fill*         0x00000000f1207776        0x2 
 .text.config_reg_vector
                0x00000000f1207778       0x44 /home/niuyongfeng/tx511_sdk_orgin/libs/trp/rne/tx5386_ck804/TX5368x-Lib-nano/RNE-RT-Lib/examples/output_crc_demo/../../libs/32bit/librne_rt_g2.a(rne_hw_config.c.o)
 .text.ins_n_copy_feature
                0x00000000f12077bc      0x180 /home/niuyongfeng/tx511_sdk_orgin/libs/trp/rne/tx5386_ck804/TX5368x-Lib-nano/RNE-RT-Lib/examples/output_crc_demo/../../libs/32bit/librne_rt_g2.a(rne_hw_config.c.o)
 .text.clear_invalid_channel.isra.0
                0x00000000f120793c      0x136 /home/niuyongfeng/tx511_sdk_orgin/libs/trp/rne/tx5386_ck804/TX5368x-Lib-nano/RNE-RT-Lib/examples/output_crc_demo/../../libs/32bit/librne_rt_g2.a(rne_hw_config.c.o)
 *fill*         0x00000000f1207a72        0x2 
 .text.config_featrueIO
                0x00000000f1207a74      0x500 /home/niuyongfeng/tx511_sdk_orgin/libs/trp/rne/tx5386_ck804/TX5368x-Lib-nano/RNE-RT-Lib/examples/output_crc_demo/../../libs/32bit/librne_rt_g2.a(rne_hw_config.c.o)
 .text.ins_move_feature.isra.1
                0x00000000f1207f74      0x122 /home/niuyongfeng/tx511_sdk_orgin/libs/trp/rne/tx5386_ck804/TX5368x-Lib-nano/RNE-RT-Lib/examples/output_crc_demo/../../libs/32bit/librne_rt_g2.a(rne_hw_config.c.o)
 *fill*         0x00000000f1208096        0x2 
 .text.rne_c_stride.constprop.2
                0x00000000f1208098       0x30 /home/niuyongfeng/tx511_sdk_orgin/libs/trp/rne/tx5386_ck804/TX5368x-Lib-nano/RNE-RT-Lib/examples/output_crc_demo/../../libs/32bit/librne_rt_g2.a(rne_hw_config.c.o)
 .text.ins_load_hufTab.constprop.4
                0x00000000f12080c8       0x44 /home/niuyongfeng/tx511_sdk_orgin/libs/trp/rne/tx5386_ck804/TX5368x-Lib-nano/RNE-RT-Lib/examples/output_crc_demo/../../libs/32bit/librne_rt_g2.a(rne_hw_config.c.o)
 .text.rne_config_init
                0x00000000f120810c      0x16c /home/niuyongfeng/tx511_sdk_orgin/libs/trp/rne/tx5386_ck804/TX5368x-Lib-nano/RNE-RT-Lib/examples/output_crc_demo/../../libs/32bit/librne_rt_g2.a(rne_hw_config.c.o)
                0x00000000f120810c                rne_config_init
 .text.rne_config_free
                0x00000000f1208278       0x6a /home/niuyongfeng/tx511_sdk_orgin/libs/trp/rne/tx5386_ck804/TX5368x-Lib-nano/RNE-RT-Lib/examples/output_crc_demo/../../libs/32bit/librne_rt_g2.a(rne_hw_config.c.o)
                0x00000000f1208278                rne_config_free
 *fill*         0x00000000f12082e2        0x2 
 .text.rne_ins_nop_config
                0x00000000f12082e4       0x12 /home/niuyongfeng/tx511_sdk_orgin/libs/trp/rne/tx5386_ck804/TX5368x-Lib-nano/RNE-RT-Lib/examples/output_crc_demo/../../libs/32bit/librne_rt_g2.a(rne_hw_config.c.o)
                0x00000000f12082e4                rne_ins_nop_config
 *fill*         0x00000000f12082f6        0x2 
 .text.rne_set_input_config
                0x00000000f12082f8       0x14 /home/niuyongfeng/tx511_sdk_orgin/libs/trp/rne/tx5386_ck804/TX5368x-Lib-nano/RNE-RT-Lib/examples/output_crc_demo/../../libs/32bit/librne_rt_g2.a(rne_hw_config.c.o)
                0x00000000f12082f8                rne_set_input_config
 .text.rne_set_input_mode
                0x00000000f120830c        0xc /home/niuyongfeng/tx511_sdk_orgin/libs/trp/rne/tx5386_ck804/TX5368x-Lib-nano/RNE-RT-Lib/examples/output_crc_demo/../../libs/32bit/librne_rt_g2.a(rne_hw_config.c.o)
                0x00000000f120830c                rne_set_input_mode
 .text.rne_softInterrupt_config
                0x00000000f1208318       0x42 /home/niuyongfeng/tx511_sdk_orgin/libs/trp/rne/tx5386_ck804/TX5368x-Lib-nano/RNE-RT-Lib/examples/output_crc_demo/../../libs/32bit/librne_rt_g2.a(rne_hw_config.c.o)
                0x00000000f1208318                rne_softInterrupt_config
 *fill*         0x00000000f120835a        0x2 
 .text.rne_config_shrinkToFit
                0x00000000f120835c      0x386 /home/niuyongfeng/tx511_sdk_orgin/libs/trp/rne/tx5386_ck804/TX5368x-Lib-nano/RNE-RT-Lib/examples/output_crc_demo/../../libs/32bit/librne_rt_g2.a(rne_hw_config.c.o)
                0x00000000f120835c                rne_config_shrinkToFit
 *fill*         0x00000000f12086e2        0x2 
 .text.rne_loopStart_config
                0x00000000f12086e4       0x3c /home/niuyongfeng/tx511_sdk_orgin/libs/trp/rne/tx5386_ck804/TX5368x-Lib-nano/RNE-RT-Lib/examples/output_crc_demo/../../libs/32bit/librne_rt_g2.a(rne_hw_config.c.o)
                0x00000000f12086e4                rne_loopStart_config
 .text.rne_loopEnd_config
                0x00000000f1208720       0x12 /home/niuyongfeng/tx511_sdk_orgin/libs/trp/rne/tx5386_ck804/TX5368x-Lib-nano/RNE-RT-Lib/examples/output_crc_demo/../../libs/32bit/librne_rt_g2.a(rne_hw_config.c.o)
                0x00000000f1208720                rne_loopEnd_config
 *fill*         0x00000000f1208732        0x2 
 .text.rne_get_conv_config
                0x00000000f1208734      0x6c6 /home/niuyongfeng/tx511_sdk_orgin/libs/trp/rne/tx5386_ck804/TX5368x-Lib-nano/RNE-RT-Lib/examples/output_crc_demo/../../libs/32bit/librne_rt_g2.a(rne_hw_config.c.o)
                0x00000000f1208734                rne_get_conv_config
 *fill*         0x00000000f1208dfa        0x2 
 .text.rne_get_pool_config
                0x00000000f1208dfc      0x3d2 /home/niuyongfeng/tx511_sdk_orgin/libs/trp/rne/tx5386_ck804/TX5368x-Lib-nano/RNE-RT-Lib/examples/output_crc_demo/../../libs/32bit/librne_rt_g2.a(rne_hw_config.c.o)
                0x00000000f1208dfc                rne_get_pool_config
 *fill*         0x00000000f12091ce        0x2 
 .text.rne_get_eltwise_config
                0x00000000f12091d0      0x4ec /home/niuyongfeng/tx511_sdk_orgin/libs/trp/rne/tx5386_ck804/TX5368x-Lib-nano/RNE-RT-Lib/examples/output_crc_demo/../../libs/32bit/librne_rt_g2.a(rne_hw_config.c.o)
                0x00000000f12091d0                rne_get_eltwise_config
 .text.rne_get_concat_config
                0x00000000f12096bc      0x478 /home/niuyongfeng/tx511_sdk_orgin/libs/trp/rne/tx5386_ck804/TX5368x-Lib-nano/RNE-RT-Lib/examples/output_crc_demo/../../libs/32bit/librne_rt_g2.a(rne_hw_config.c.o)
                0x00000000f12096bc                rne_get_concat_config
 .text.rne_get_slice_config
                0x00000000f1209b34      0x452 /home/niuyongfeng/tx511_sdk_orgin/libs/trp/rne/tx5386_ck804/TX5368x-Lib-nano/RNE-RT-Lib/examples/output_crc_demo/../../libs/32bit/librne_rt_g2.a(rne_hw_config.c.o)
                0x00000000f1209b34                rne_get_slice_config
 *fill*         0x00000000f1209f86        0x2 
 .text.rne_get_vect_config
                0x00000000f1209f88      0x5f4 /home/niuyongfeng/tx511_sdk_orgin/libs/trp/rne/tx5386_ck804/TX5368x-Lib-nano/RNE-RT-Lib/examples/output_crc_demo/../../libs/32bit/librne_rt_g2.a(rne_hw_config.c.o)
                0x00000000f1209f88                rne_get_vect_config
 .text.rne_get_scale_config
                0x00000000f120a57c      0x358 /home/niuyongfeng/tx511_sdk_orgin/libs/trp/rne/tx5386_ck804/TX5368x-Lib-nano/RNE-RT-Lib/examples/output_crc_demo/../../libs/32bit/librne_rt_g2.a(rne_hw_config.c.o)
                0x00000000f120a57c                rne_get_scale_config
 .text.rne_get_padchan_config
                0x00000000f120a8d4      0x1cc /home/niuyongfeng/tx511_sdk_orgin/libs/trp/rne/tx5386_ck804/TX5368x-Lib-nano/RNE-RT-Lib/examples/output_crc_demo/../../libs/32bit/librne_rt_g2.a(rne_hw_config.c.o)
                0x00000000f120a8d4                rne_get_padchan_config
 .text.rne_get_permute_config
                0x00000000f120aaa0      0x190 /home/niuyongfeng/tx511_sdk_orgin/libs/trp/rne/tx5386_ck804/TX5368x-Lib-nano/RNE-RT-Lib/examples/output_crc_demo/../../libs/32bit/librne_rt_g2.a(rne_hw_config.c.o)
                0x00000000f120aaa0                rne_get_permute_config
 .text.rne_get_misc_config
                0x00000000f120ac30      0x4ac /home/niuyongfeng/tx511_sdk_orgin/libs/trp/rne/tx5386_ck804/TX5368x-Lib-nano/RNE-RT-Lib/examples/output_crc_demo/../../libs/32bit/librne_rt_g2.a(rne_hw_config.c.o)
                0x00000000f120ac30                rne_get_misc_config
 .text.rne_get_gemm_config
                0x00000000f120b0dc      0x2bc /home/niuyongfeng/tx511_sdk_orgin/libs/trp/rne/tx5386_ck804/TX5368x-Lib-nano/RNE-RT-Lib/examples/output_crc_demo/../../libs/32bit/librne_rt_g2.a(rne_hw_config.c.o)
                0x00000000f120b0dc                rne_get_gemm_config
 .text.rne_get_dma_config
                0x00000000f120b398       0xe8 /home/niuyongfeng/tx511_sdk_orgin/libs/trp/rne/tx5386_ck804/TX5368x-Lib-nano/RNE-RT-Lib/examples/output_crc_demo/../../libs/32bit/librne_rt_g2.a(rne_hw_config.c.o)
                0x00000000f120b398                rne_get_dma_config
 .text.rne_c_stride
                0x00000000f120b480       0x30 /home/niuyongfeng/tx511_sdk_orgin/libs/trp/rne/tx5386_ck804/TX5368x-Lib-nano/RNE-RT-Lib/examples/output_crc_demo/../../libs/32bit/librne_rt_g2.a(rne_hw_config.c.o)
                0x00000000f120b480                rne_c_stride
                0x00000000f120b480                TS_MPI_TRP_RNE_CStride
 .text.rne_inference_init
                0x00000000f120b4b0       0xd4 /home/niuyongfeng/tx511_sdk_orgin/libs/trp/rne/tx5386_ck804/TX5368x-Lib-nano/RNE-RT-Lib/examples/output_crc_demo/../../libs/32bit/librne_rt_g2.a(rne_inference.c.o)
                0x00000000f120b4b0                rne_inference_init
 .text.rne_inference_free
                0x00000000f120b584       0x18 /home/niuyongfeng/tx511_sdk_orgin/libs/trp/rne/tx5386_ck804/TX5368x-Lib-nano/RNE-RT-Lib/examples/output_crc_demo/../../libs/32bit/librne_rt_g2.a(rne_inference.c.o)
                0x00000000f120b584                rne_inference_free
 .text.rne_get_regs
                0x00000000f120b59c        0xc /home/niuyongfeng/tx511_sdk_orgin/libs/trp/rne/tx5386_ck804/TX5368x-Lib-nano/RNE-RT-Lib/examples/output_crc_demo/../../libs/32bit/librne_rt_g2.a(rne_inference.c.o)
                0x00000000f120b59c                rne_get_regs
 .text.rne_inference
                0x00000000f120b5a8       0xf8 /home/niuyongfeng/tx511_sdk_orgin/libs/trp/rne/tx5386_ck804/TX5368x-Lib-nano/RNE-RT-Lib/examples/output_crc_demo/../../libs/32bit/librne_rt_g2.a(rne_inference.c.o)
                0x00000000f120b5a8                rne_inference
 .text.rne_register_softInterCB
                0x00000000f120b6a0       0x14 /home/niuyongfeng/tx511_sdk_orgin/libs/trp/rne/tx5386_ck804/TX5368x-Lib-nano/RNE-RT-Lib/examples/output_crc_demo/../../libs/32bit/librne_rt_g2.a(rne_inference.c.o)
                0x00000000f120b6a0                rne_register_softInterCB
 .text.rne_get_core_info
                0x00000000f120b6b4        0x8 /home/niuyongfeng/tx511_sdk_orgin/libs/trp/rne/tx5386_ck804/TX5368x-Lib-nano/RNE-RT-Lib/examples/output_crc_demo/../../libs/32bit/librne_rt_g2.a(rne_inference.c.o)
                0x00000000f120b6b4                rne_get_core_info
 .text.rne_set_instr
                0x00000000f120b6bc       0x72 /home/niuyongfeng/tx511_sdk_orgin/libs/trp/rne/tx5386_ck804/TX5368x-Lib-nano/RNE-RT-Lib/examples/output_crc_demo/../../libs/32bit/librne_rt_g2.a(rne_instr_ops.c.o)
                0x00000000f120b6bc                rne_set_instr
 *fill*         0x00000000f120b72e        0x2 
 .text.r212md__conv_param__init
                0x00000000f120b730       0x10 /home/niuyongfeng/tx511_sdk_orgin/libs/trp/rne/tx5386_ck804/TX5368x-Lib-nano/RNE-RT-Lib/examples/output_crc_demo/../../libs/32bit/librne_rt_g2.a(tx212mpw_cfg_d.pb-c.c.o)
                0x00000000f120b730                r212md__conv_param__init
 .text.r212md__pool_param__init
                0x00000000f120b740       0x10 /home/niuyongfeng/tx511_sdk_orgin/libs/trp/rne/tx5386_ck804/TX5368x-Lib-nano/RNE-RT-Lib/examples/output_crc_demo/../../libs/32bit/librne_rt_g2.a(tx212mpw_cfg_d.pb-c.c.o)
                0x00000000f120b740                r212md__pool_param__init
 .text.r212md__gemm_param__init
                0x00000000f120b750       0x10 /home/niuyongfeng/tx511_sdk_orgin/libs/trp/rne/tx5386_ck804/TX5368x-Lib-nano/RNE-RT-Lib/examples/output_crc_demo/../../libs/32bit/librne_rt_g2.a(tx212mpw_cfg_d.pb-c.c.o)
                0x00000000f120b750                r212md__gemm_param__init
 .text.r212md__eltwise_param__init
                0x00000000f120b760       0x10 /home/niuyongfeng/tx511_sdk_orgin/libs/trp/rne/tx5386_ck804/TX5368x-Lib-nano/RNE-RT-Lib/examples/output_crc_demo/../../libs/32bit/librne_rt_g2.a(tx212mpw_cfg_d.pb-c.c.o)
                0x00000000f120b760                r212md__eltwise_param__init
 .text.r212md__slice_param__init
                0x00000000f120b770       0x10 /home/niuyongfeng/tx511_sdk_orgin/libs/trp/rne/tx5386_ck804/TX5368x-Lib-nano/RNE-RT-Lib/examples/output_crc_demo/../../libs/32bit/librne_rt_g2.a(tx212mpw_cfg_d.pb-c.c.o)
                0x00000000f120b770                r212md__slice_param__init
 .text.r212md__concat_param__init
                0x00000000f120b780       0x10 /home/niuyongfeng/tx511_sdk_orgin/libs/trp/rne/tx5386_ck804/TX5368x-Lib-nano/RNE-RT-Lib/examples/output_crc_demo/../../libs/32bit/librne_rt_g2.a(tx212mpw_cfg_d.pb-c.c.o)
                0x00000000f120b780                r212md__concat_param__init
 .text.r212md__batch_norm_param__init
                0x00000000f120b790       0x10 /home/niuyongfeng/tx511_sdk_orgin/libs/trp/rne/tx5386_ck804/TX5368x-Lib-nano/RNE-RT-Lib/examples/output_crc_demo/../../libs/32bit/librne_rt_g2.a(tx212mpw_cfg_d.pb-c.c.o)
                0x00000000f120b790                r212md__batch_norm_param__init
 .text.r212md__prelu_param__init
                0x00000000f120b7a0       0x10 /home/niuyongfeng/tx511_sdk_orgin/libs/trp/rne/tx5386_ck804/TX5368x-Lib-nano/RNE-RT-Lib/examples/output_crc_demo/../../libs/32bit/librne_rt_g2.a(tx212mpw_cfg_d.pb-c.c.o)
                0x00000000f120b7a0                r212md__prelu_param__init
 .text.r212md__padchannel_param__init
                0x00000000f120b7b0       0x10 /home/niuyongfeng/tx511_sdk_orgin/libs/trp/rne/tx5386_ck804/TX5368x-Lib-nano/RNE-RT-Lib/examples/output_crc_demo/../../libs/32bit/librne_rt_g2.a(tx212mpw_cfg_d.pb-c.c.o)
                0x00000000f120b7b0                r212md__padchannel_param__init
 .text.r212md__permute_param__init
                0x00000000f120b7c0       0x10 /home/niuyongfeng/tx511_sdk_orgin/libs/trp/rne/tx5386_ck804/TX5368x-Lib-nano/RNE-RT-Lib/examples/output_crc_demo/../../libs/32bit/librne_rt_g2.a(tx212mpw_cfg_d.pb-c.c.o)
                0x00000000f120b7c0                r212md__permute_param__init
 .text.r212md__vector_param__init
                0x00000000f120b7d0       0x10 /home/niuyongfeng/tx511_sdk_orgin/libs/trp/rne/tx5386_ck804/TX5368x-Lib-nano/RNE-RT-Lib/examples/output_crc_demo/../../libs/32bit/librne_rt_g2.a(tx212mpw_cfg_d.pb-c.c.o)
                0x00000000f120b7d0                r212md__vector_param__init
 .text.r212md__misc_param__init
                0x00000000f120b7e0       0x10 /home/niuyongfeng/tx511_sdk_orgin/libs/trp/rne/tx5386_ck804/TX5368x-Lib-nano/RNE-RT-Lib/examples/output_crc_demo/../../libs/32bit/librne_rt_g2.a(tx212mpw_cfg_d.pb-c.c.o)
                0x00000000f120b7e0                r212md__misc_param__init
 .text.r212md__lutparam__init
                0x00000000f120b7f0       0x10 /home/niuyongfeng/tx511_sdk_orgin/libs/trp/rne/tx5386_ck804/TX5368x-Lib-nano/RNE-RT-Lib/examples/output_crc_demo/../../libs/32bit/librne_rt_g2.a(tx212mpw_cfg_d.pb-c.c.o)
                0x00000000f120b7f0                r212md__lutparam__init
 .text.r212md__dma_param__init
                0x00000000f120b800       0x10 /home/niuyongfeng/tx511_sdk_orgin/libs/trp/rne/tx5386_ck804/TX5368x-Lib-nano/RNE-RT-Lib/examples/output_crc_demo/../../libs/32bit/librne_rt_g2.a(tx212mpw_cfg_d.pb-c.c.o)
                0x00000000f120b800                r212md__dma_param__init
 .text.r212md__layer__init
                0x00000000f120b810       0x10 /home/niuyongfeng/tx511_sdk_orgin/libs/trp/rne/tx5386_ck804/TX5368x-Lib-nano/RNE-RT-Lib/examples/output_crc_demo/../../libs/32bit/librne_rt_g2.a(tx212mpw_cfg_d.pb-c.c.o)
                0x00000000f120b810                r212md__layer__init
 .text.r212md__layer_list__init
                0x00000000f120b820       0x10 /home/niuyongfeng/tx511_sdk_orgin/libs/trp/rne/tx5386_ck804/TX5368x-Lib-nano/RNE-RT-Lib/examples/output_crc_demo/../../libs/32bit/librne_rt_g2.a(tx212mpw_cfg_d.pb-c.c.o)
                0x00000000f120b820                r212md__layer_list__init
 .text.r212md__block_info__init
                0x00000000f120b830       0x10 /home/niuyongfeng/tx511_sdk_orgin/libs/trp/rne/tx5386_ck804/TX5368x-Lib-nano/RNE-RT-Lib/examples/output_crc_demo/../../libs/32bit/librne_rt_g2.a(tx212mpw_cfg_d.pb-c.c.o)
                0x00000000f120b830                r212md__block_info__init
 .text.r212md__hwlayer_info__init
                0x00000000f120b840       0x10 /home/niuyongfeng/tx511_sdk_orgin/libs/trp/rne/tx5386_ck804/TX5368x-Lib-nano/RNE-RT-Lib/examples/output_crc_demo/../../libs/32bit/librne_rt_g2.a(tx212mpw_cfg_d.pb-c.c.o)
                0x00000000f120b840                r212md__hwlayer_info__init
 .text.r212md__hardware_iolayer__init
                0x00000000f120b850       0x10 /home/niuyongfeng/tx511_sdk_orgin/libs/trp/rne/tx5386_ck804/TX5368x-Lib-nano/RNE-RT-Lib/examples/output_crc_demo/../../libs/32bit/librne_rt_g2.a(tx212mpw_cfg_d.pb-c.c.o)
                0x00000000f120b850                r212md__hardware_iolayer__init
 .text.r212md__iolayer_list__init
                0x00000000f120b860       0x10 /home/niuyongfeng/tx511_sdk_orgin/libs/trp/rne/tx5386_ck804/TX5368x-Lib-nano/RNE-RT-Lib/examples/output_crc_demo/../../libs/32bit/librne_rt_g2.a(tx212mpw_cfg_d.pb-c.c.o)
                0x00000000f120b860                r212md__iolayer_list__init
 .text.r212md__sparse_info__init
                0x00000000f120b870       0x10 /home/niuyongfeng/tx511_sdk_orgin/libs/trp/rne/tx5386_ck804/TX5368x-Lib-nano/RNE-RT-Lib/examples/output_crc_demo/../../libs/32bit/librne_rt_g2.a(tx212mpw_cfg_d.pb-c.c.o)
                0x00000000f120b870                r212md__sparse_info__init
 .text.r212md__weight_info__init
                0x00000000f120b880       0x10 /home/niuyongfeng/tx511_sdk_orgin/libs/trp/rne/tx5386_ck804/TX5368x-Lib-nano/RNE-RT-Lib/examples/output_crc_demo/../../libs/32bit/librne_rt_g2.a(tx212mpw_cfg_d.pb-c.c.o)
                0x00000000f120b880                r212md__weight_info__init
 .text.r212md__weight_info_list__init
                0x00000000f120b890       0x10 /home/niuyongfeng/tx511_sdk_orgin/libs/trp/rne/tx5386_ck804/TX5368x-Lib-nano/RNE-RT-Lib/examples/output_crc_demo/../../libs/32bit/librne_rt_g2.a(tx212mpw_cfg_d.pb-c.c.o)
                0x00000000f120b890                r212md__weight_info_list__init
 .text.r212md__forward_order__init
                0x00000000f120b8a0       0x10 /home/niuyongfeng/tx511_sdk_orgin/libs/trp/rne/tx5386_ck804/TX5368x-Lib-nano/RNE-RT-Lib/examples/output_crc_demo/../../libs/32bit/librne_rt_g2.a(tx212mpw_cfg_d.pb-c.c.o)
                0x00000000f120b8a0                r212md__forward_order__init
 .text.r212md__forward_loop__init
                0x00000000f120b8b0       0x10 /home/niuyongfeng/tx511_sdk_orgin/libs/trp/rne/tx5386_ck804/TX5368x-Lib-nano/RNE-RT-Lib/examples/output_crc_demo/../../libs/32bit/librne_rt_g2.a(tx212mpw_cfg_d.pb-c.c.o)
                0x00000000f120b8b0                r212md__forward_loop__init
 .text.r212md__net_forward_list__init
                0x00000000f120b8c0       0x10 /home/niuyongfeng/tx511_sdk_orgin/libs/trp/rne/tx5386_ck804/TX5368x-Lib-nano/RNE-RT-Lib/examples/output_crc_demo/../../libs/32bit/librne_rt_g2.a(tx212mpw_cfg_d.pb-c.c.o)
                0x00000000f120b8c0                r212md__net_forward_list__init
 .text.r212md__graph_info__init
                0x00000000f120b8d0       0x10 /home/niuyongfeng/tx511_sdk_orgin/libs/trp/rne/tx5386_ck804/TX5368x-Lib-nano/RNE-RT-Lib/examples/output_crc_demo/../../libs/32bit/librne_rt_g2.a(tx212mpw_cfg_d.pb-c.c.o)
                0x00000000f120b8d0                r212md__graph_info__init
 .text.r212md__graph_info__unpack
                0x00000000f120b8e0       0x14 /home/niuyongfeng/tx511_sdk_orgin/libs/trp/rne/tx5386_ck804/TX5368x-Lib-nano/RNE-RT-Lib/examples/output_crc_demo/../../libs/32bit/librne_rt_g2.a(tx212mpw_cfg_d.pb-c.c.o)
                0x00000000f120b8e0                r212md__graph_info__unpack
 .text.r212md__graph_info__free_unpacked
                0x00000000f120b8f4        0x8 /home/niuyongfeng/tx511_sdk_orgin/libs/trp/rne/tx5386_ck804/TX5368x-Lib-nano/RNE-RT-Lib/examples/output_crc_demo/../../libs/32bit/librne_rt_g2.a(tx212mpw_cfg_d.pb-c.c.o)
                0x00000000f120b8f4                r212md__graph_info__free_unpacked
 .text.r212mr__swnode__init
                0x00000000f120b8fc       0x10 /home/niuyongfeng/tx511_sdk_orgin/libs/trp/rne/tx5386_ck804/TX5368x-Lib-nano/RNE-RT-Lib/examples/output_crc_demo/../../libs/32bit/librne_rt_g2.a(tx212mpw_cfg_r.pb-c.c.o)
                0x00000000f120b8fc                r212mr__swnode__init
 .text.r212mr__swnode_list__init
                0x00000000f120b90c       0x10 /home/niuyongfeng/tx511_sdk_orgin/libs/trp/rne/tx5386_ck804/TX5368x-Lib-nano/RNE-RT-Lib/examples/output_crc_demo/../../libs/32bit/librne_rt_g2.a(tx212mpw_cfg_r.pb-c.c.o)
                0x00000000f120b90c                r212mr__swnode_list__init
 .text.r212mr__forward_node_order__init
                0x00000000f120b91c       0x10 /home/niuyongfeng/tx511_sdk_orgin/libs/trp/rne/tx5386_ck804/TX5368x-Lib-nano/RNE-RT-Lib/examples/output_crc_demo/../../libs/32bit/librne_rt_g2.a(tx212mpw_cfg_r.pb-c.c.o)
                0x00000000f120b91c                r212mr__forward_node_order__init
 .text.r212mr__net_forward_list__init
                0x00000000f120b92c       0x10 /home/niuyongfeng/tx511_sdk_orgin/libs/trp/rne/tx5386_ck804/TX5368x-Lib-nano/RNE-RT-Lib/examples/output_crc_demo/../../libs/32bit/librne_rt_g2.a(tx212mpw_cfg_r.pb-c.c.o)
                0x00000000f120b92c                r212mr__net_forward_list__init
 .text.r212mr__graph_info__init
                0x00000000f120b93c       0x10 /home/niuyongfeng/tx511_sdk_orgin/libs/trp/rne/tx5386_ck804/TX5368x-Lib-nano/RNE-RT-Lib/examples/output_crc_demo/../../libs/32bit/librne_rt_g2.a(tx212mpw_cfg_r.pb-c.c.o)
                0x00000000f120b93c                r212mr__graph_info__init
 .text.r212mr__graph_info__unpack
                0x00000000f120b94c       0x14 /home/niuyongfeng/tx511_sdk_orgin/libs/trp/rne/tx5386_ck804/TX5368x-Lib-nano/RNE-RT-Lib/examples/output_crc_demo/../../libs/32bit/librne_rt_g2.a(tx212mpw_cfg_r.pb-c.c.o)
                0x00000000f120b94c                r212mr__graph_info__unpack
 .text.r212mr__graph_info__free_unpacked
                0x00000000f120b960        0x8 /home/niuyongfeng/tx511_sdk_orgin/libs/trp/rne/tx5386_ck804/TX5368x-Lib-nano/RNE-RT-Lib/examples/output_crc_demo/../../libs/32bit/librne_rt_g2.a(tx212mpw_cfg_r.pb-c.c.o)
                0x00000000f120b960                r212mr__graph_info__free_unpacked
 .text.cmn__blob_info__init
                0x00000000f120b968       0x10 /home/niuyongfeng/tx511_sdk_orgin/libs/trp/rne/tx5386_ck804/TX5368x-Lib-nano/RNE-RT-Lib/examples/output_crc_demo/../../libs/32bit/librne_rt_g2.a(tx212mpw_common.pb-c.c.o)
                0x00000000f120b968                cmn__blob_info__init
 .text.cmn__blob_list__init
                0x00000000f120b978       0x10 /home/niuyongfeng/tx511_sdk_orgin/libs/trp/rne/tx5386_ck804/TX5368x-Lib-nano/RNE-RT-Lib/examples/output_crc_demo/../../libs/32bit/librne_rt_g2.a(tx212mpw_common.pb-c.c.o)
                0x00000000f120b978                cmn__blob_list__init
 .text.cmn__blobs__init
                0x00000000f120b988       0x10 /home/niuyongfeng/tx511_sdk_orgin/libs/trp/rne/tx5386_ck804/TX5368x-Lib-nano/RNE-RT-Lib/examples/output_crc_demo/../../libs/32bit/librne_rt_g2.a(tx212mpw_common.pb-c.c.o)
                0x00000000f120b988                cmn__blobs__init
 .text.cmn__software_param__init
                0x00000000f120b998       0x10 /home/niuyongfeng/tx511_sdk_orgin/libs/trp/rne/tx5386_ck804/TX5368x-Lib-nano/RNE-RT-Lib/examples/output_crc_demo/../../libs/32bit/librne_rt_g2.a(tx212mpw_common.pb-c.c.o)
                0x00000000f120b998                cmn__software_param__init
 .text.rne_list_create
                0x00000000f120b9a8       0x16 /home/niuyongfeng/tx511_sdk_orgin/libs/trp/rne/tx5386_ck804/TX5368x-Lib-nano/RNE-RT-Lib/examples/output_crc_demo/../../libs/32bit/librne_rt_g2.a(rne_list.c.o)
                0x00000000f120b9a8                rne_list_create
 *fill*         0x00000000f120b9be        0x2 
 .text.rne_list_remove
                0x00000000f120b9c0       0x3a /home/niuyongfeng/tx511_sdk_orgin/libs/trp/rne/tx5386_ck804/TX5368x-Lib-nano/RNE-RT-Lib/examples/output_crc_demo/../../libs/32bit/librne_rt_g2.a(rne_list.c.o)
                0x00000000f120b9c0                rne_list_remove
 *fill*         0x00000000f120b9fa        0x2 
 .text.rne_list_insert_pre
                0x00000000f120b9fc       0x40 /home/niuyongfeng/tx511_sdk_orgin/libs/trp/rne/tx5386_ck804/TX5368x-Lib-nano/RNE-RT-Lib/examples/output_crc_demo/../../libs/32bit/librne_rt_g2.a(rne_list.c.o)
                0x00000000f120b9fc                rne_list_insert_pre
 .text.rne_list_insert_post
                0x00000000f120ba3c       0x2c /home/niuyongfeng/tx511_sdk_orgin/libs/trp/rne/tx5386_ck804/TX5368x-Lib-nano/RNE-RT-Lib/examples/output_crc_demo/../../libs/32bit/librne_rt_g2.a(rne_list.c.o)
                0x00000000f120ba3c                rne_list_insert_post
 .text.rne_list_append_tail
                0x00000000f120ba68       0x34 /home/niuyongfeng/tx511_sdk_orgin/libs/trp/rne/tx5386_ck804/TX5368x-Lib-nano/RNE-RT-Lib/examples/output_crc_demo/../../libs/32bit/librne_rt_g2.a(rne_list.c.o)
                0x00000000f120ba68                rne_list_append_tail
 .text.rne_list_free
                0x00000000f120ba9c       0x20 /home/niuyongfeng/tx511_sdk_orgin/libs/trp/rne/tx5386_ck804/TX5368x-Lib-nano/RNE-RT-Lib/examples/output_crc_demo/../../libs/32bit/librne_rt_g2.a(rne_list.c.o)
                0x00000000f120ba9c                rne_list_free
 .text.alloc_aligned
                0x00000000f120babc       0x4e /home/niuyongfeng/tx511_sdk_orgin/libs/trp/rne/tx5386_ck804/TX5368x-Lib-nano/RNE-RT-Lib/examples/output_crc_demo/../../libs/32bit/librne_rt_g2.a(rne_mem_manage.c.o)
 *fill*         0x00000000f120bb0a        0x2 
 .text.get_cache_element
                0x00000000f120bb0c       0x2c /home/niuyongfeng/tx511_sdk_orgin/libs/trp/rne/tx5386_ck804/TX5368x-Lib-nano/RNE-RT-Lib/examples/output_crc_demo/../../libs/32bit/librne_rt_g2.a(rne_mem_manage.c.o)
 .text.rne_create_mem_manage
                0x00000000f120bb38       0x6a /home/niuyongfeng/tx511_sdk_orgin/libs/trp/rne/tx5386_ck804/TX5368x-Lib-nano/RNE-RT-Lib/examples/output_crc_demo/../../libs/32bit/librne_rt_g2.a(rne_mem_manage.c.o)
                0x00000000f120bb38                rne_create_mem_manage
 *fill*         0x00000000f120bba2        0x2 
 .text.rne_release_mem_manage
                0x00000000f120bba4       0x28 /home/niuyongfeng/tx511_sdk_orgin/libs/trp/rne/tx5386_ck804/TX5368x-Lib-nano/RNE-RT-Lib/examples/output_crc_demo/../../libs/32bit/librne_rt_g2.a(rne_mem_manage.c.o)
                0x00000000f120bba4                rne_release_mem_manage
 .text.rne_alloc_mem_manage
                0x00000000f120bbcc      0x10c /home/niuyongfeng/tx511_sdk_orgin/libs/trp/rne/tx5386_ck804/TX5368x-Lib-nano/RNE-RT-Lib/examples/output_crc_demo/../../libs/32bit/librne_rt_g2.a(rne_mem_manage.c.o)
                0x00000000f120bbcc                rne_alloc_mem_manage
 .text.rne_vector_create
                0x00000000f120bcd8       0x1a /home/niuyongfeng/tx511_sdk_orgin/libs/trp/rne/tx5386_ck804/TX5368x-Lib-nano/RNE-RT-Lib/examples/output_crc_demo/../../libs/32bit/librne_rt_g2.a(rne_vector.c.o)
                0x00000000f120bcd8                rne_vector_create
 *fill*         0x00000000f120bcf2        0x2 
 .text.rne_vector_free
                0x00000000f120bcf4       0x16 /home/niuyongfeng/tx511_sdk_orgin/libs/trp/rne/tx5386_ck804/TX5368x-Lib-nano/RNE-RT-Lib/examples/output_crc_demo/../../libs/32bit/librne_rt_g2.a(rne_vector.c.o)
                0x00000000f120bcf4                rne_vector_free
 *fill*         0x00000000f120bd0a        0x2 
 .text.rne_vector_reserve
                0x00000000f120bd0c       0x6a /home/niuyongfeng/tx511_sdk_orgin/libs/trp/rne/tx5386_ck804/TX5368x-Lib-nano/RNE-RT-Lib/examples/output_crc_demo/../../libs/32bit/librne_rt_g2.a(rne_vector.c.o)
                0x00000000f120bd0c                rne_vector_reserve
 *fill*         0x00000000f120bd76        0x2 
 .text.rne_vector_pushBack
                0x00000000f120bd78       0x2e /home/niuyongfeng/tx511_sdk_orgin/libs/trp/rne/tx5386_ck804/TX5368x-Lib-nano/RNE-RT-Lib/examples/output_crc_demo/../../libs/32bit/librne_rt_g2.a(rne_vector.c.o)
                0x00000000f120bd78                rne_vector_pushBack
 *fill*         0x00000000f120bda6        0x2 
 .text.rne_vector_getNewBack
                0x00000000f120bda8       0x22 /home/niuyongfeng/tx511_sdk_orgin/libs/trp/rne/tx5386_ck804/TX5368x-Lib-nano/RNE-RT-Lib/examples/output_crc_demo/../../libs/32bit/librne_rt_g2.a(rne_vector.c.o)
                0x00000000f120bda8                rne_vector_getNewBack
 *fill*         0x00000000f120bdca        0x2 
 .text.rne_vector_shrinkToFit
                0x00000000f120bdcc        0xe /home/niuyongfeng/tx511_sdk_orgin/libs/trp/rne/tx5386_ck804/TX5368x-Lib-nano/RNE-RT-Lib/examples/output_crc_demo/../../libs/32bit/librne_rt_g2.a(rne_vector.c.o)
                0x00000000f120bdcc                rne_vector_shrinkToFit
 *fill*         0x00000000f120bdda        0x2 
 .text.rne_vector_insert
                0x00000000f120bddc       0x56 /home/niuyongfeng/tx511_sdk_orgin/libs/trp/rne/tx5386_ck804/TX5368x-Lib-nano/RNE-RT-Lib/examples/output_crc_demo/../../libs/32bit/librne_rt_g2.a(rne_vector.c.o)
                0x00000000f120bddc                rne_vector_insert
 *fill*         0x00000000f120be32        0x2 
 .text.rne_set_log_level
                0x00000000f120be34        0xc /home/niuyongfeng/tx511_sdk_orgin/libs/trp/rne/tx5386_ck804/TX5368x-Lib-nano/RNE-RT-Lib/examples/output_crc_demo/../../libs/32bit/librne_rt_g2.a(rne_log.c.o)
                0x00000000f120be34                rne_set_log_level
                0x00000000f120be34                TS_MPI_TRP_RNE_SetLogLevel
 .text.rne_get_log_level
                0x00000000f120be40        0xc /home/niuyongfeng/tx511_sdk_orgin/libs/trp/rne/tx5386_ck804/TX5368x-Lib-nano/RNE-RT-Lib/examples/output_crc_demo/../../libs/32bit/librne_rt_g2.a(rne_log.c.o)
                0x00000000f120be40                TS_MPI_TRP_RNE_GetLogLevel
                0x00000000f120be40                rne_get_log_level
 .text.rne_input_blob_is_float
                0x00000000f120be4c       0x60 /home/niuyongfeng/tx511_sdk_orgin/libs/trp/rne/tx5386_ck804/TX5368x-Lib-nano/RNE-RT-Lib/examples/output_crc_demo/../../libs/32bit/librne_rt_g2.a(rne_nn_input.c.o)
 .text.rne_fill_input_blobs
                0x00000000f120beac      0x7a4 /home/niuyongfeng/tx511_sdk_orgin/libs/trp/rne/tx5386_ck804/TX5368x-Lib-nano/RNE-RT-Lib/examples/output_crc_demo/../../libs/32bit/librne_rt_g2.a(rne_nn_input.c.o)
                0x00000000f120beac                TS_MPI_TRP_RNE_FillInputBlobs
                0x00000000f120beac                rne_fill_input_blobs
 .text.rne_get_version
                0x00000000f120c650        0x8 /home/niuyongfeng/tx511_sdk_orgin/libs/trp/rne/tx5386_ck804/TX5368x-Lib-nano/RNE-RT-Lib/examples/output_crc_demo/../../libs/32bit/librne_rt_g2.a(rne_sdk_version.c.o)
                0x00000000f120c650                rne_get_version
                0x00000000f120c650                TS_MPI_TRP_RNE_GetSdkVersion
 .text.rne_init_resource_by_type
                0x00000000f120c658        0x4 /home/niuyongfeng/tx511_sdk_orgin/libs/trp/rne/tx5386_ck804/TX5368x-Lib-nano/RNE-RT-Lib/examples/output_crc_demo/../../libs/32bit/librne_rt_g2.a(rne_sdk_version.c.o)
                0x00000000f120c658                rne_init_resource_by_type
                0x00000000f120c658                TS_MPI_TRP_RNE_InitResourceByType
 .text.do_alloc
                0x00000000f120c65c        0xa /home/niuyongfeng/tx511_sdk_orgin/libs/trp/rne/tx5386_ck804/TX5368x-Lib-nano/RNE-RT-Lib/examples/output_crc_demo/../../libs/32bit/librne_rt_g2.a(protobuf-c.c.o)
 *fill*         0x00000000f120c666        0x2 
 .text.do_free  0x00000000f120c668        0xe /home/niuyongfeng/tx511_sdk_orgin/libs/trp/rne/tx5386_ck804/TX5368x-Lib-nano/RNE-RT-Lib/examples/output_crc_demo/../../libs/32bit/librne_rt_g2.a(protobuf-c.c.o)
 *fill*         0x00000000f120c676        0x2 
 .text.sizeof_elt_in_repeated_array
                0x00000000f120c678       0x2e /home/niuyongfeng/tx511_sdk_orgin/libs/trp/rne/tx5386_ck804/TX5368x-Lib-nano/RNE-RT-Lib/examples/output_crc_demo/../../libs/32bit/librne_rt_g2.a(protobuf-c.c.o)
 *fill*         0x00000000f120c6a6        0x2 
 .text.int_range_lookup
                0x00000000f120c6a8       0x72 /home/niuyongfeng/tx511_sdk_orgin/libs/trp/rne/tx5386_ck804/TX5368x-Lib-nano/RNE-RT-Lib/examples/output_crc_demo/../../libs/32bit/librne_rt_g2.a(protobuf-c.c.o)
 *fill*         0x00000000f120c71a        0x2 
 .text.parse_uint32
                0x00000000f120c71c       0x50 /home/niuyongfeng/tx511_sdk_orgin/libs/trp/rne/tx5386_ck804/TX5368x-Lib-nano/RNE-RT-Lib/examples/output_crc_demo/../../libs/32bit/librne_rt_g2.a(protobuf-c.c.o)
 .text.scan_varint
                0x00000000f120c76c       0x1e /home/niuyongfeng/tx511_sdk_orgin/libs/trp/rne/tx5386_ck804/TX5368x-Lib-nano/RNE-RT-Lib/examples/output_crc_demo/../../libs/32bit/librne_rt_g2.a(protobuf-c.c.o)
 *fill*         0x00000000f120c78a        0x2 
 .text.system_free
                0x00000000f120c78c        0xa /home/niuyongfeng/tx511_sdk_orgin/libs/trp/rne/tx5386_ck804/TX5368x-Lib-nano/RNE-RT-Lib/examples/output_crc_demo/../../libs/32bit/librne_rt_g2.a(protobuf-c.c.o)
 *fill*         0x00000000f120c796        0x2 
 .text.system_alloc
                0x00000000f120c798        0xa /home/niuyongfeng/tx511_sdk_orgin/libs/trp/rne/tx5386_ck804/TX5368x-Lib-nano/RNE-RT-Lib/examples/output_crc_demo/../../libs/32bit/librne_rt_g2.a(protobuf-c.c.o)
 *fill*         0x00000000f120c7a2        0x2 
 .text.merge_messages
                0x00000000f120c7a4      0x1d8 /home/niuyongfeng/tx511_sdk_orgin/libs/trp/rne/tx5386_ck804/TX5368x-Lib-nano/RNE-RT-Lib/examples/output_crc_demo/../../libs/32bit/librne_rt_g2.a(protobuf-c.c.o)
 .text.parse_uint64
                0x00000000f120c97c       0x90 /home/niuyongfeng/tx511_sdk_orgin/libs/trp/rne/tx5386_ck804/TX5368x-Lib-nano/RNE-RT-Lib/examples/output_crc_demo/../../libs/32bit/librne_rt_g2.a(protobuf-c.c.o)
 .text.protobuf_c_message_free_unpacked
                0x00000000f120ca0c      0x140 /home/niuyongfeng/tx511_sdk_orgin/libs/trp/rne/tx5386_ck804/TX5368x-Lib-nano/RNE-RT-Lib/examples/output_crc_demo/../../libs/32bit/librne_rt_g2.a(protobuf-c.c.o)
                0x00000000f120ca0c                protobuf_c_message_free_unpacked
 .text.protobuf_c_message_init
                0x00000000f120cb4c        0xa /home/niuyongfeng/tx511_sdk_orgin/libs/trp/rne/tx5386_ck804/TX5368x-Lib-nano/RNE-RT-Lib/examples/output_crc_demo/../../libs/32bit/librne_rt_g2.a(protobuf-c.c.o)
                0x00000000f120cb4c                protobuf_c_message_init
 *fill*         0x00000000f120cb56        0x2 
 .text.protobuf_c_message_unpack
                0x00000000f120cb58      0x7c6 /home/niuyongfeng/tx511_sdk_orgin/libs/trp/rne/tx5386_ck804/TX5368x-Lib-nano/RNE-RT-Lib/examples/output_crc_demo/../../libs/32bit/librne_rt_g2.a(protobuf-c.c.o)
                0x00000000f120cb58                protobuf_c_message_unpack
 *fill*         0x00000000f120d31e        0x2 
 .text.parse_required_member
                0x00000000f120d320      0x1c6 /home/niuyongfeng/tx511_sdk_orgin/libs/trp/rne/tx5386_ck804/TX5368x-Lib-nano/RNE-RT-Lib/examples/output_crc_demo/../../libs/32bit/librne_rt_g2.a(protobuf-c.c.o)
 *fill*         0x00000000f120d4e6        0x2 
 .text.rne_interrupt
                0x00000000f120d4e8       0x2c /home/niuyongfeng/tx511_sdk_orgin/libs/trp/rne/tx5386_ck804/TX5368x-Lib-nano/RNE-RT-Lib/examples/output_crc_demo/../../libs/32bit/librne_pal_ck804.a(use_gc.c.o)
 .text.rne_platform_init
                0x00000000f120d514       0x24 /home/niuyongfeng/tx511_sdk_orgin/libs/trp/rne/tx5386_ck804/TX5368x-Lib-nano/RNE-RT-Lib/examples/output_crc_demo/../../libs/32bit/librne_pal_ck804.a(use_gc.c.o)
                0x00000000f120d514                rne_platform_init
 .text.rne_platform_free
                0x00000000f120d538       0x10 /home/niuyongfeng/tx511_sdk_orgin/libs/trp/rne/tx5386_ck804/TX5368x-Lib-nano/RNE-RT-Lib/examples/output_crc_demo/../../libs/32bit/librne_pal_ck804.a(use_gc.c.o)
                0x00000000f120d538                rne_platform_free
 .text.rne_process_optional
                0x00000000f120d548        0x2 /home/niuyongfeng/tx511_sdk_orgin/libs/trp/rne/tx5386_ck804/TX5368x-Lib-nano/RNE-RT-Lib/examples/output_crc_demo/../../libs/32bit/librne_pal_ck804.a(use_gc.c.o)
                0x00000000f120d548                rne_process_optional
 *fill*         0x00000000f120d54a        0x2 
 .text.rne_is_forward_done
                0x00000000f120d54c        0xc /home/niuyongfeng/tx511_sdk_orgin/libs/trp/rne/tx5386_ck804/TX5368x-Lib-nano/RNE-RT-Lib/examples/output_crc_demo/../../libs/32bit/librne_pal_ck804.a(use_gc.c.o)
                0x00000000f120d54c                rne_is_forward_done
 .text.rne_clear_forward_done
                0x00000000f120d558        0xc /home/niuyongfeng/tx511_sdk_orgin/libs/trp/rne/tx5386_ck804/TX5368x-Lib-nano/RNE-RT-Lib/examples/output_crc_demo/../../libs/32bit/librne_pal_ck804.a(use_gc.c.o)
                0x00000000f120d558                rne_clear_forward_done
 .text.csi_vic_enable_irq
                0x00000000f120d564       0x50 /home/niuyongfeng/tx511_sdk_orgin/libs/trp/rne/tx5386_ck804/TX5368x-Lib-nano/RNE-RT-Lib/examples/output_crc_demo/../../libs/32bit/libck804_bsp.a(ck_irq.o)
 .text.csi_vic_disable_irq
                0x00000000f120d5b4       0x50 /home/niuyongfeng/tx511_sdk_orgin/libs/trp/rne/tx5386_ck804/TX5368x-Lib-nano/RNE-RT-Lib/examples/output_crc_demo/../../libs/32bit/libck804_bsp.a(ck_irq.o)
 .text.csi_vic_set_vector
                0x00000000f120d604       0x68 /home/niuyongfeng/tx511_sdk_orgin/libs/trp/rne/tx5386_ck804/TX5368x-Lib-nano/RNE-RT-Lib/examples/output_crc_demo/../../libs/32bit/libck804_bsp.a(ck_irq.o)
 .text.csi_icache_invalid
                0x00000000f120d66c       0x20 /home/niuyongfeng/tx511_sdk_orgin/libs/trp/rne/tx5386_ck804/TX5368x-Lib-nano/RNE-RT-Lib/examples/output_crc_demo/../../libs/32bit/libck804_bsp.a(ck_irq.o)
 .text.csi_dcache_clean_invalid
                0x00000000f120d68c       0x20 /home/niuyongfeng/tx511_sdk_orgin/libs/trp/rne/tx5386_ck804/TX5368x-Lib-nano/RNE-RT-Lib/examples/output_crc_demo/../../libs/32bit/libck804_bsp.a(ck_irq.o)
 .text.drv_irq_enable
                0x00000000f120d6ac       0x30 /home/niuyongfeng/tx511_sdk_orgin/libs/trp/rne/tx5386_ck804/TX5368x-Lib-nano/RNE-RT-Lib/examples/output_crc_demo/../../libs/32bit/libck804_bsp.a(ck_irq.o)
                0x00000000f120d6ac                drv_irq_enable
 .text.drv_irq_disable
                0x00000000f120d6dc       0x30 /home/niuyongfeng/tx511_sdk_orgin/libs/trp/rne/tx5386_ck804/TX5368x-Lib-nano/RNE-RT-Lib/examples/output_crc_demo/../../libs/32bit/libck804_bsp.a(ck_irq.o)
                0x00000000f120d6dc                drv_irq_disable
 .text.drv_irq_register
                0x00000000f120d70c       0x46 /home/niuyongfeng/tx511_sdk_orgin/libs/trp/rne/tx5386_ck804/TX5368x-Lib-nano/RNE-RT-Lib/examples/output_crc_demo/../../libs/32bit/libck804_bsp.a(ck_irq.o)
                0x00000000f120d70c                drv_irq_register
 *fill*         0x00000000f120d752        0x2 
 .text.drv_irq_unregister
                0x00000000f120d754       0x40 /home/niuyongfeng/tx511_sdk_orgin/libs/trp/rne/tx5386_ck804/TX5368x-Lib-nano/RNE-RT-Lib/examples/output_crc_demo/../../libs/32bit/libck804_bsp.a(ck_irq.o)
                0x00000000f120d754                drv_irq_unregister
 .text.malloc   0x00000000f120d794       0x48 /home/niuyongfeng/tx511_sdk_orgin/libs/trp/rne/tx5386_ck804/TX5368x-Lib-nano/RNE-RT-Lib/examples/output_crc_demo/../../libs/32bit/libck804_bsp.a(malloc.o)
                0x00000000f120d794                malloc
 .text.free     0x00000000f120d7dc       0x38 /home/niuyongfeng/tx511_sdk_orgin/libs/trp/rne/tx5386_ck804/TX5368x-Lib-nano/RNE-RT-Lib/examples/output_crc_demo/../../libs/32bit/libck804_bsp.a(malloc.o)
                0x00000000f120d7dc                free
 .text.board_init
                0x00000000f120d814       0x54 /home/niuyongfeng/tx511_sdk_orgin/libs/trp/rne/tx5386_ck804/TX5368x-Lib-nano/RNE-RT-Lib/examples/output_crc_demo/../../libs/32bit/libck804_bsp.a(board_init.o)
                0x00000000f120d814                board_init
 .text.trap_c   0x00000000f120d868      0x150 /home/niuyongfeng/tx511_sdk_orgin/libs/trp/rne/tx5386_ck804/TX5368x-Lib-nano/RNE-RT-Lib/examples/output_crc_demo/../../libs/32bit/libck804_bsp.a(trap_c.o)
                0x00000000f120d868                trap_c
 .text.csi_coret_config
                0x00000000f120d9b8       0x54 /home/niuyongfeng/tx511_sdk_orgin/libs/trp/rne/tx5386_ck804/TX5368x-Lib-nano/RNE-RT-Lib/examples/output_crc_demo/../../libs/32bit/libck804_bsp.a(system.o)
 .text._system_init_for_baremetal
                0x00000000f120da0c       0x38 /home/niuyongfeng/tx511_sdk_orgin/libs/trp/rne/tx5386_ck804/TX5368x-Lib-nano/RNE-RT-Lib/examples/output_crc_demo/../../libs/32bit/libck804_bsp.a(system.o)
 .text.drv_get_cpu_id
                0x00000000f120da44       0x16 /home/niuyongfeng/tx511_sdk_orgin/libs/trp/rne/tx5386_ck804/TX5368x-Lib-nano/RNE-RT-Lib/examples/output_crc_demo/../../libs/32bit/libck804_bsp.a(system.o)
                0x00000000f120da44                drv_get_cpu_id
 *fill*         0x00000000f120da5a        0x2 
 .text.SystemInit
                0x00000000f120da5c       0x58 /home/niuyongfeng/tx511_sdk_orgin/libs/trp/rne/tx5386_ck804/TX5368x-Lib-nano/RNE-RT-Lib/examples/output_crc_demo/../../libs/32bit/libck804_bsp.a(system.o)
                0x00000000f120da5c                SystemInit
 .text.csi_uart_putchar
                0x00000000f120dab4       0x42 /home/niuyongfeng/tx511_sdk_orgin/libs/trp/rne/tx5386_ck804/TX5368x-Lib-nano/RNE-RT-Lib/examples/output_crc_demo/../../libs/32bit/libck804_bsp.a(ck_uart.o)
                0x00000000f120dab4                csi_uart_putchar
 *fill*         0x00000000f120daf6        0x2 
 .text.csi_uart_config
                0x00000000f120daf8       0x62 /home/niuyongfeng/tx511_sdk_orgin/libs/trp/rne/tx5386_ck804/TX5368x-Lib-nano/RNE-RT-Lib/examples/output_crc_demo/../../libs/32bit/libck804_bsp.a(ck_uart.o)
                0x00000000f120daf8                csi_uart_config
 *fill*         0x00000000f120db5a        0x2 
 .text.csi_uart_initialize
                0x00000000f120db5c       0x3c /home/niuyongfeng/tx511_sdk_orgin/libs/trp/rne/tx5386_ck804/TX5368x-Lib-nano/RNE-RT-Lib/examples/output_crc_demo/../../libs/32bit/libck804_bsp.a(ck_uart.o)
                0x00000000f120db5c                csi_uart_initialize
 .text.drv_uart_delay_n_sys_circles
                0x00000000f120db98       0x30 /home/niuyongfeng/tx511_sdk_orgin/libs/trp/rne/tx5386_ck804/TX5368x-Lib-nano/RNE-RT-Lib/examples/output_crc_demo/../../libs/32bit/libck804_bsp.a(dw_uart.o)
                0x00000000f120db98                drv_uart_delay_n_sys_circles
 .text.drv_uart_config_rx_fifo_threshold
                0x00000000f120dbc8       0xfc /home/niuyongfeng/tx511_sdk_orgin/libs/trp/rne/tx5386_ck804/TX5368x-Lib-nano/RNE-RT-Lib/examples/output_crc_demo/../../libs/32bit/libck804_bsp.a(dw_uart.o)
                0x00000000f120dbc8                drv_uart_config_rx_fifo_threshold
 .text.drv_uart_config_fifo
                0x00000000f120dcc4       0xa0 /home/niuyongfeng/tx511_sdk_orgin/libs/trp/rne/tx5386_ck804/TX5368x-Lib-nano/RNE-RT-Lib/examples/output_crc_demo/../../libs/32bit/libck804_bsp.a(dw_uart.o)
                0x00000000f120dcc4                drv_uart_config_fifo
 .text.drv_uart_config_fifo_flush
                0x00000000f120dd64       0x7c /home/niuyongfeng/tx511_sdk_orgin/libs/trp/rne/tx5386_ck804/TX5368x-Lib-nano/RNE-RT-Lib/examples/output_crc_demo/../../libs/32bit/libck804_bsp.a(dw_uart.o)
                0x00000000f120dd64                drv_uart_config_fifo_flush
 .text.drv_uart_config_mode
                0x00000000f120dde0       0x7c /home/niuyongfeng/tx511_sdk_orgin/libs/trp/rne/tx5386_ck804/TX5368x-Lib-nano/RNE-RT-Lib/examples/output_crc_demo/../../libs/32bit/libck804_bsp.a(dw_uart.o)
                0x00000000f120dde0                drv_uart_config_mode
 .text.drv_uart_config_baudrate
                0x00000000f120de5c       0xcc /home/niuyongfeng/tx511_sdk_orgin/libs/trp/rne/tx5386_ck804/TX5368x-Lib-nano/RNE-RT-Lib/examples/output_crc_demo/../../libs/32bit/libck804_bsp.a(dw_uart.o)
                0x00000000f120de5c                drv_uart_config_baudrate
 .text.drv_uart_config_parity
                0x00000000f120df28       0xfc /home/niuyongfeng/tx511_sdk_orgin/libs/trp/rne/tx5386_ck804/TX5368x-Lib-nano/RNE-RT-Lib/examples/output_crc_demo/../../libs/32bit/libck804_bsp.a(dw_uart.o)
                0x00000000f120df28                drv_uart_config_parity
 .text.drv_uart_config_stopbits
                0x00000000f120e024       0xe8 /home/niuyongfeng/tx511_sdk_orgin/libs/trp/rne/tx5386_ck804/TX5368x-Lib-nano/RNE-RT-Lib/examples/output_crc_demo/../../libs/32bit/libck804_bsp.a(dw_uart.o)
                0x00000000f120e024                drv_uart_config_stopbits
 .text.drv_uart_config_databits
                0x00000000f120e10c      0x114 /home/niuyongfeng/tx511_sdk_orgin/libs/trp/rne/tx5386_ck804/TX5368x-Lib-nano/RNE-RT-Lib/examples/output_crc_demo/../../libs/32bit/libck804_bsp.a(dw_uart.o)
                0x00000000f120e10c                drv_uart_config_databits
 .text.drv_uart_config_interrupt
                0x00000000f120e220      0x168 /home/niuyongfeng/tx511_sdk_orgin/libs/trp/rne/tx5386_ck804/TX5368x-Lib-nano/RNE-RT-Lib/examples/output_crc_demo/../../libs/32bit/libck804_bsp.a(dw_uart.o)
                0x00000000f120e220                drv_uart_config_interrupt
 .text.ck_uart_intr_send_empty
                0x00000000f120e388      0x152 /home/niuyongfeng/tx511_sdk_orgin/libs/trp/rne/tx5386_ck804/TX5368x-Lib-nano/RNE-RT-Lib/examples/output_crc_demo/../../libs/32bit/libck804_bsp.a(dw_uart.o)
 *fill*         0x00000000f120e4da        0x2 
 .text.ck_uart_intr_recv_data
                0x00000000f120e4dc      0x128 /home/niuyongfeng/tx511_sdk_orgin/libs/trp/rne/tx5386_ck804/TX5368x-Lib-nano/RNE-RT-Lib/examples/output_crc_demo/../../libs/32bit/libck804_bsp.a(dw_uart.o)
 .text.ck_uart_intr_char_timeout
                0x00000000f120e604       0x84 /home/niuyongfeng/tx511_sdk_orgin/libs/trp/rne/tx5386_ck804/TX5368x-Lib-nano/RNE-RT-Lib/examples/output_crc_demo/../../libs/32bit/libck804_bsp.a(dw_uart.o)
 .text.ck_uart_intr_process_error
                0x00000000f120e688       0x96 /home/niuyongfeng/tx511_sdk_orgin/libs/trp/rne/tx5386_ck804/TX5368x-Lib-nano/RNE-RT-Lib/examples/output_crc_demo/../../libs/32bit/libck804_bsp.a(dw_uart.o)
 *fill*         0x00000000f120e71e        0x2 
 .text.drv_uart_get_usr
                0x00000000f120e720       0x36 /home/niuyongfeng/tx511_sdk_orgin/libs/trp/rne/tx5386_ck804/TX5368x-Lib-nano/RNE-RT-Lib/examples/output_crc_demo/../../libs/32bit/libck804_bsp.a(dw_uart.o)
                0x00000000f120e720                drv_uart_get_usr
 *fill*         0x00000000f120e756        0x2 
 .text.ck_uart_irqhandler
                0x00000000f120e758       0xd8 /home/niuyongfeng/tx511_sdk_orgin/libs/trp/rne/tx5386_ck804/TX5368x-Lib-nano/RNE-RT-Lib/examples/output_crc_demo/../../libs/32bit/libck804_bsp.a(dw_uart.o)
                0x00000000f120e758                ck_uart_irqhandler
 .text.drv_uart_putchar
                0x00000000f120e830       0xb0 /home/niuyongfeng/tx511_sdk_orgin/libs/trp/rne/tx5386_ck804/TX5368x-Lib-nano/RNE-RT-Lib/examples/output_crc_demo/../../libs/32bit/libck804_bsp.a(dw_uart.o)
                0x00000000f120e830                drv_uart_putchar
 .text.drv_uart_config
                0x00000000f120e8e0      0x12a /home/niuyongfeng/tx511_sdk_orgin/libs/trp/rne/tx5386_ck804/TX5368x-Lib-nano/RNE-RT-Lib/examples/output_crc_demo/../../libs/32bit/libck804_bsp.a(dw_uart.o)
                0x00000000f120e8e0                drv_uart_config
 *fill*         0x00000000f120ea0a        0x2 
 .text.drv_uart_initialize
                0x00000000f120ea0c      0x134 /home/niuyongfeng/tx511_sdk_orgin/libs/trp/rne/tx5386_ck804/TX5368x-Lib-nano/RNE-RT-Lib/examples/output_crc_demo/../../libs/32bit/libck804_bsp.a(dw_uart.o)
                0x00000000f120ea0c                drv_uart_initialize
 .text.mm_addregion
                0x00000000f120eb40      0x11c /home/niuyongfeng/tx511_sdk_orgin/libs/trp/rne/tx5386_ck804/TX5368x-Lib-nano/RNE-RT-Lib/examples/output_crc_demo/../../libs/32bit/libck804_bsp.a(mm_initialize.o)
                0x00000000f120eb40                mm_addregion
 .text.mm_initialize
                0x00000000f120ec5c       0xd6 /home/niuyongfeng/tx511_sdk_orgin/libs/trp/rne/tx5386_ck804/TX5368x-Lib-nano/RNE-RT-Lib/examples/output_crc_demo/../../libs/32bit/libck804_bsp.a(mm_initialize.o)
                0x00000000f120ec5c                mm_initialize
 *fill*         0x00000000f120ed32        0x2 
 .text.mm_heap_initialize
                0x00000000f120ed34       0x38 /home/niuyongfeng/tx511_sdk_orgin/libs/trp/rne/tx5386_ck804/TX5368x-Lib-nano/RNE-RT-Lib/examples/output_crc_demo/../../libs/32bit/libck804_bsp.a(mm_initialize.o)
                0x00000000f120ed34                mm_heap_initialize
 .text.mm_malloc
                0x00000000f120ed6c      0x1f4 /home/niuyongfeng/tx511_sdk_orgin/libs/trp/rne/tx5386_ck804/TX5368x-Lib-nano/RNE-RT-Lib/examples/output_crc_demo/../../libs/32bit/libck804_bsp.a(mm_malloc.o)
                0x00000000f120ed6c                mm_malloc
 .text.mm_free  0x00000000f120ef60      0x1b0 /home/niuyongfeng/tx511_sdk_orgin/libs/trp/rne/tx5386_ck804/TX5368x-Lib-nano/RNE-RT-Lib/examples/output_crc_demo/../../libs/32bit/libck804_bsp.a(mm_free.o)
                0x00000000f120ef60                mm_free
 .text.mm_addfreechunk
                0x00000000f120f110       0xfc /home/niuyongfeng/tx511_sdk_orgin/libs/trp/rne/tx5386_ck804/TX5368x-Lib-nano/RNE-RT-Lib/examples/output_crc_demo/../../libs/32bit/libck804_bsp.a(mm_addfreechunk.o)
                0x00000000f120f110                mm_addfreechunk
 .text.fputc    0x00000000f120f20c       0x68 /home/niuyongfeng/tx511_sdk_orgin/libs/trp/rne/tx5386_ck804/TX5368x-Lib-nano/RNE-RT-Lib/examples/output_crc_demo/../../libs/32bit/libck804_bsp.a(minilibc_port.o)
                0x00000000f120f20c                fputc
 .text.os_critical_enter
                0x00000000f120f274       0x1e /home/niuyongfeng/tx511_sdk_orgin/libs/trp/rne/tx5386_ck804/TX5368x-Lib-nano/RNE-RT-Lib/examples/output_crc_demo/../../libs/32bit/libck804_bsp.a(minilibc_port.o)
                0x00000000f120f274                os_critical_enter
 *fill*         0x00000000f120f292        0x2 
 .text.os_critical_exit
                0x00000000f120f294       0x1e /home/niuyongfeng/tx511_sdk_orgin/libs/trp/rne/tx5386_ck804/TX5368x-Lib-nano/RNE-RT-Lib/examples/output_crc_demo/../../libs/32bit/libck804_bsp.a(minilibc_port.o)
                0x00000000f120f294                os_critical_exit
 *fill*         0x00000000f120f2b2        0x2 
 .text.drv_get_cpu_freq
                0x00000000f120f2b4       0x24 /home/niuyongfeng/tx511_sdk_orgin/libs/trp/rne/tx5386_ck804/TX5368x-Lib-nano/RNE-RT-Lib/examples/output_crc_demo/../../libs/32bit/libck804_bsp.a(sys_freq.o)
                0x00000000f120f2b4                drv_get_cpu_freq
 .text.drv_get_sys_freq
                0x00000000f120f2d8       0x38 /home/niuyongfeng/tx511_sdk_orgin/libs/trp/rne/tx5386_ck804/TX5368x-Lib-nano/RNE-RT-Lib/examples/output_crc_demo/../../libs/32bit/libck804_bsp.a(sys_freq.o)
                0x00000000f120f2d8                drv_get_sys_freq
 .text.drv_get_uart_freq
                0x00000000f120f310       0x24 /home/niuyongfeng/tx511_sdk_orgin/libs/trp/rne/tx5386_ck804/TX5368x-Lib-nano/RNE-RT-Lib/examples/output_crc_demo/../../libs/32bit/libck804_bsp.a(sys_freq.o)
                0x00000000f120f310                drv_get_uart_freq
 .text.target_uart_init
                0x00000000f120f334       0xa8 /home/niuyongfeng/tx511_sdk_orgin/libs/trp/rne/tx5386_ck804/TX5368x-Lib-nano/RNE-RT-Lib/examples/output_crc_demo/../../libs/32bit/libck804_bsp.a(devices.o)
                0x00000000f120f334                target_uart_init
 .text.mm_size2ndx
                0x00000000f120f3dc       0x72 /home/niuyongfeng/tx511_sdk_orgin/libs/trp/rne/tx5386_ck804/TX5368x-Lib-nano/RNE-RT-Lib/examples/output_crc_demo/../../libs/32bit/libck804_bsp.a(mm_size2ndx.o)
                0x00000000f120f3dc                mm_size2ndx
 *fill*         0x00000000f120f44e        0x2 
 .text.mm_mallinfo
                0x00000000f120f450      0x13c /home/niuyongfeng/tx511_sdk_orgin/libs/trp/rne/tx5386_ck804/TX5368x-Lib-nano/RNE-RT-Lib/examples/output_crc_demo/../../libs/32bit/libck804_bsp.a(mm_mallinfo.o)
                0x00000000f120f450                mm_mallinfo
 .text.mm_max_usedsize_update
                0x00000000f120f58c       0x80 /home/niuyongfeng/tx511_sdk_orgin/libs/trp/rne/tx5386_ck804/TX5368x-Lib-nano/RNE-RT-Lib/examples/output_crc_demo/../../libs/32bit/libck804_bsp.a(mm_mallinfo.o)
                0x00000000f120f58c                mm_max_usedsize_update
 .text.CORET_IRQHandler
                0x00000000f120f60c       0x44 /home/niuyongfeng/tx511_sdk_orgin/libs/trp/rne/tx5386_ck804/TX5368x-Lib-nano/RNE-RT-Lib/examples/output_crc_demo/../../libs/32bit/libck804_bsp.a(isr.o)
                0x00000000f120f60c                CORET_IRQHandler
 .text.UART0_IRQHandler
                0x00000000f120f650       0x40 /home/niuyongfeng/tx511_sdk_orgin/libs/trp/rne/tx5386_ck804/TX5368x-Lib-nano/RNE-RT-Lib/examples/output_crc_demo/../../libs/32bit/libck804_bsp.a(isr.o)
                0x00000000f120f650                UART0_IRQHandler
 *(.text.*)
 *(.gnu.warning)
 *(.stub)
 *(.gnu.linkonce.t*)
 *(.glue_7t)
 *(.glue_7)
 *(.jcr)
 *(.init)
 *(.fini)
                0x00000000f120f690                . = ALIGN (0x4)
                [!provide]                        PROVIDE (__ctbp, .)
 *(.call_table_data)
 *(.call_table_text)
                0x00000000f120f690                . = ALIGN (0x10)
                0x00000000f120f690                __etext = .

.eh_frame_hdr
 *(.eh_frame_hdr)

.eh_frame
 *(.eh_frame)

.gcc_except_table
 *(.gcc_except_table .gcc_except_table.*)

.rodata         0x00000000f120f690     0x7aac
                0x00000000f120f690                . = ALIGN (0x4)
                0x00000000f120f690                __srodata = .
 *(.rdata)
 *(.rdata*)
 *(.rdata1)
 *(.rdata.*)
 *(.rodata)
 .rodata        0x00000000f120f690      0x200 CMakeFiles/output_crc_demo.elf.dir/src/ts_rne_crc.c.o
 .rodata        0x00000000f120f890       0x38 /home/niuyongfeng/tx511_sdk_orgin/libs/trp/rne/tx5386_ck804/TX5368x-Lib-nano/RNE-RT-Lib/examples/output_crc_demo/../../libs/32bit/librne_rt_g2.a(rne_c_api.c.o)
 .rodata        0x00000000f120f8c8       0x10 /home/niuyongfeng/tx511_sdk_orgin/libs/trp/rne/tx5386_ck804/TX5368x-Lib-nano/RNE-RT-Lib/examples/output_crc_demo/../../libs/32bit/librne_rt_g2.a(rne_hw_config.c.o)
 .rodata        0x00000000f120f8d8       0x47 /home/niuyongfeng/tx511_sdk_orgin/libs/trp/rne/tx5386_ck804/TX5368x-Lib-nano/RNE-RT-Lib/examples/output_crc_demo/../../libs/32bit/libck804_bsp.a(trap_c.o)
 *fill*         0x00000000f120f91f        0x1 
 .rodata        0x00000000f120f920       0x1c /home/niuyongfeng/tx511_sdk_orgin/libs/trp/rne/tx5386_ck804/TX5368x-Lib-nano/RNE-RT-Lib/examples/output_crc_demo/../../libs/32bit/libck804_bsp.a(mm_malloc.o)
 .rodata        0x00000000f120f93c       0x24 /home/niuyongfeng/tx511_sdk_orgin/libs/trp/rne/tx5386_ck804/TX5368x-Lib-nano/RNE-RT-Lib/examples/output_crc_demo/../../libs/32bit/libck804_bsp.a(mm_mallinfo.o)
 .rodata        0x00000000f120f960       0x14 /home/niuyongfeng/csky-elfabiv2-tools-x86_64-minilibc/bin/../lib/gcc/csky-elfabiv2/6.3.0/ck803/hard-fp/libgcc.a(_thenan_df.o)
                0x00000000f120f960                __thenan_df
 .rodata        0x00000000f120f974      0x100 /home/niuyongfeng/csky-elfabiv2-tools-x86_64-minilibc/bin/../lib/gcc/csky-elfabiv2/6.3.0/ck803/hard-fp/libgcc.a(_clz.o)
                0x00000000f120f974                __clz_tab
 .rodata        0x00000000f120fa74       0x20 /home/niuyongfeng/csky-elfabiv2-tools-x86_64-minilibc/bin/../lib/gcc/csky-elfabiv2/6.3.0/../../../../csky-elfabiv2/lib/ck803/hard-fp/libc.a(__v2_printfDFHLlMOPpSSsWp.o)
 .rodata        0x00000000f120fa94      0x240 /home/niuyongfeng/csky-elfabiv2-tools-x86_64-minilibc/bin/../lib/gcc/csky-elfabiv2/6.3.0/../../../../csky-elfabiv2/lib/ck803/hard-fp/libc.a(strerror.o)
 *(.rodata1)
 *(.rodata*)
 .rodata.str1.1
                0x00000000f120fcd4      0x18d CMakeFiles/output_crc_demo.elf.dir/src/main.c.o
 .rodata.str1.1
                0x00000000f120fe61      0x35c CMakeFiles/output_crc_demo.elf.dir/src/ts_rne_gp_custom_operator.c.o
 .rodata.append_conv_config.str1.1
                0x00000000f12101bd       0x34 /home/niuyongfeng/tx511_sdk_orgin/libs/trp/rne/tx5386_ck804/TX5368x-Lib-nano/RNE-RT-Lib/examples/output_crc_demo/../../libs/32bit/librne_rt_g2.a(rne_c_api.c.o)
 .rodata.append_dma_config.str1.1
                0x00000000f12101f1       0x2a /home/niuyongfeng/tx511_sdk_orgin/libs/trp/rne/tx5386_ck804/TX5368x-Lib-nano/RNE-RT-Lib/examples/output_crc_demo/../../libs/32bit/librne_rt_g2.a(rne_c_api.c.o)
 .rodata.forward_GP.str1.1
                0x00000000f121021b       0x39 /home/niuyongfeng/tx511_sdk_orgin/libs/trp/rne/tx5386_ck804/TX5368x-Lib-nano/RNE-RT-Lib/examples/output_crc_demo/../../libs/32bit/librne_rt_g2.a(rne_c_api.c.o)
 .rodata.init_blobInfos.isra.2.str1.1
                0x00000000f1210254       0x25 /home/niuyongfeng/tx511_sdk_orgin/libs/trp/rne/tx5386_ck804/TX5368x-Lib-nano/RNE-RT-Lib/examples/output_crc_demo/../../libs/32bit/librne_rt_g2.a(rne_c_api.c.o)
 .rodata.init_debug_info.str1.1
                0x00000000f1210279       0x34 /home/niuyongfeng/tx511_sdk_orgin/libs/trp/rne/tx5386_ck804/TX5368x-Lib-nano/RNE-RT-Lib/examples/output_crc_demo/../../libs/32bit/librne_rt_g2.a(rne_c_api.c.o)
 .rodata.net_prepare_config.str1.1
                0x00000000f12102ad       0x9c /home/niuyongfeng/tx511_sdk_orgin/libs/trp/rne/tx5386_ck804/TX5368x-Lib-nano/RNE-RT-Lib/examples/output_crc_demo/../../libs/32bit/librne_rt_g2.a(rne_c_api.c.o)
 .rodata.rne_get_cfg_size.part.17.str1.1
                0x00000000f1210349       0x21 /home/niuyongfeng/tx511_sdk_orgin/libs/trp/rne/tx5386_ck804/TX5368x-Lib-nano/RNE-RT-Lib/examples/output_crc_demo/../../libs/32bit/librne_rt_g2.a(rne_c_api.c.o)
 .rodata.rne_get_hide_blobs.part.12.str1.1
                0x00000000f121036a       0x23 /home/niuyongfeng/tx511_sdk_orgin/libs/trp/rne/tx5386_ck804/TX5368x-Lib-nano/RNE-RT-Lib/examples/output_crc_demo/../../libs/32bit/librne_rt_g2.a(rne_c_api.c.o)
 .rodata.rne_net_init_config.str1.1
                0x00000000f121038d       0x97 /home/niuyongfeng/tx511_sdk_orgin/libs/trp/rne/tx5386_ck804/TX5368x-Lib-nano/RNE-RT-Lib/examples/output_crc_demo/../../libs/32bit/librne_rt_g2.a(rne_c_api.c.o)
 .rodata.rne_device_set_buffer.str1.1
                0x00000000f1210424       0x23 /home/niuyongfeng/tx511_sdk_orgin/libs/trp/rne/tx5386_ck804/TX5368x-Lib-nano/RNE-RT-Lib/examples/output_crc_demo/../../libs/32bit/librne_rt_g2.a(rne_device.c.o)
 .rodata.rne_init_gp_layer_num.str1.1
                0x00000000f1210447       0x24 /home/niuyongfeng/tx511_sdk_orgin/libs/trp/rne/tx5386_ck804/TX5368x-Lib-nano/RNE-RT-Lib/examples/output_crc_demo/../../libs/32bit/librne_rt_g2.a(rne_device.c.o)
 .rodata.rne_register_gp_layer.str1.1
                0x00000000f121046b       0x37 /home/niuyongfeng/tx511_sdk_orgin/libs/trp/rne/tx5386_ck804/TX5368x-Lib-nano/RNE-RT-Lib/examples/output_crc_demo/../../libs/32bit/librne_rt_g2.a(rne_device.c.o)
 *fill*         0x00000000f12104a2        0x2 
 .rodata.rne_get_eltwise_config
                0x00000000f12104a4       0x28 /home/niuyongfeng/tx511_sdk_orgin/libs/trp/rne/tx5386_ck804/TX5368x-Lib-nano/RNE-RT-Lib/examples/output_crc_demo/../../libs/32bit/librne_rt_g2.a(rne_hw_config.c.o)
 .rodata.rne_get_misc_config
                0x00000000f12104cc       0x2c /home/niuyongfeng/tx511_sdk_orgin/libs/trp/rne/tx5386_ck804/TX5368x-Lib-nano/RNE-RT-Lib/examples/output_crc_demo/../../libs/32bit/librne_rt_g2.a(rne_hw_config.c.o)
 .rodata.__FUNCTION__.4154
                0x00000000f12104f8        0xb /home/niuyongfeng/tx511_sdk_orgin/libs/trp/rne/tx5386_ck804/TX5368x-Lib-nano/RNE-RT-Lib/examples/output_crc_demo/../../libs/32bit/librne_rt_g2.a(rne_hw_config.c.o)
 .rodata.__FUNCTION__.4571
                0x00000000f1210503       0x14 /home/niuyongfeng/tx511_sdk_orgin/libs/trp/rne/tx5386_ck804/TX5368x-Lib-nano/RNE-RT-Lib/examples/output_crc_demo/../../libs/32bit/librne_rt_g2.a(rne_hw_config.c.o)
 .rodata.__FUNCTION__.4605
                0x00000000f1210517       0x14 /home/niuyongfeng/tx511_sdk_orgin/libs/trp/rne/tx5386_ck804/TX5368x-Lib-nano/RNE-RT-Lib/examples/output_crc_demo/../../libs/32bit/librne_rt_g2.a(rne_hw_config.c.o)
 .rodata.__FUNCTION__.4654
                0x00000000f121052b       0x17 /home/niuyongfeng/tx511_sdk_orgin/libs/trp/rne/tx5386_ck804/TX5368x-Lib-nano/RNE-RT-Lib/examples/output_crc_demo/../../libs/32bit/librne_rt_g2.a(rne_hw_config.c.o)
 .rodata.__FUNCTION__.4707
                0x00000000f1210542       0x16 /home/niuyongfeng/tx511_sdk_orgin/libs/trp/rne/tx5386_ck804/TX5368x-Lib-nano/RNE-RT-Lib/examples/output_crc_demo/../../libs/32bit/librne_rt_g2.a(rne_hw_config.c.o)
 .rodata.__FUNCTION__.4757
                0x00000000f1210558       0x15 /home/niuyongfeng/tx511_sdk_orgin/libs/trp/rne/tx5386_ck804/TX5368x-Lib-nano/RNE-RT-Lib/examples/output_crc_demo/../../libs/32bit/librne_rt_g2.a(rne_hw_config.c.o)
 .rodata.__FUNCTION__.4780
                0x00000000f121056d       0x14 /home/niuyongfeng/tx511_sdk_orgin/libs/trp/rne/tx5386_ck804/TX5368x-Lib-nano/RNE-RT-Lib/examples/output_crc_demo/../../libs/32bit/librne_rt_g2.a(rne_hw_config.c.o)
 .rodata.__FUNCTION__.4816
                0x00000000f1210581       0x15 /home/niuyongfeng/tx511_sdk_orgin/libs/trp/rne/tx5386_ck804/TX5368x-Lib-nano/RNE-RT-Lib/examples/output_crc_demo/../../libs/32bit/librne_rt_g2.a(rne_hw_config.c.o)
 .rodata.__FUNCTION__.4837
                0x00000000f1210596       0x17 /home/niuyongfeng/tx511_sdk_orgin/libs/trp/rne/tx5386_ck804/TX5368x-Lib-nano/RNE-RT-Lib/examples/output_crc_demo/../../libs/32bit/librne_rt_g2.a(rne_hw_config.c.o)
 .rodata.__FUNCTION__.4852
                0x00000000f12105ad       0x17 /home/niuyongfeng/tx511_sdk_orgin/libs/trp/rne/tx5386_ck804/TX5368x-Lib-nano/RNE-RT-Lib/examples/output_crc_demo/../../libs/32bit/librne_rt_g2.a(rne_hw_config.c.o)
 .rodata.__FUNCTION__.4897
                0x00000000f12105c4       0x14 /home/niuyongfeng/tx511_sdk_orgin/libs/trp/rne/tx5386_ck804/TX5368x-Lib-nano/RNE-RT-Lib/examples/output_crc_demo/../../libs/32bit/librne_rt_g2.a(rne_hw_config.c.o)
 .rodata.__FUNCTION__.4916
                0x00000000f12105d8       0x14 /home/niuyongfeng/tx511_sdk_orgin/libs/trp/rne/tx5386_ck804/TX5368x-Lib-nano/RNE-RT-Lib/examples/output_crc_demo/../../libs/32bit/librne_rt_g2.a(rne_hw_config.c.o)
 .rodata.__FUNCTION__.4938
                0x00000000f12105ec       0x13 /home/niuyongfeng/tx511_sdk_orgin/libs/trp/rne/tx5386_ck804/TX5368x-Lib-nano/RNE-RT-Lib/examples/output_crc_demo/../../libs/32bit/librne_rt_g2.a(rne_hw_config.c.o)
 .rodata.config_featrueIO.str1.1
                0x00000000f12105ff       0x54 /home/niuyongfeng/tx511_sdk_orgin/libs/trp/rne/tx5386_ck804/TX5368x-Lib-nano/RNE-RT-Lib/examples/output_crc_demo/../../libs/32bit/librne_rt_g2.a(rne_hw_config.c.o)
 .rodata.get_spm_id.str1.1
                0x00000000f1210653       0x27 /home/niuyongfeng/tx511_sdk_orgin/libs/trp/rne/tx5386_ck804/TX5368x-Lib-nano/RNE-RT-Lib/examples/output_crc_demo/../../libs/32bit/librne_rt_g2.a(rne_hw_config.c.o)
 .rodata.ins_n_copy_feature.str1.1
                0x00000000f121067a       0x19 /home/niuyongfeng/tx511_sdk_orgin/libs/trp/rne/tx5386_ck804/TX5368x-Lib-nano/RNE-RT-Lib/examples/output_crc_demo/../../libs/32bit/librne_rt_g2.a(rne_hw_config.c.o)
 .rodata.rne_config_init.str1.1
                0x00000000f1210693       0xa0 /home/niuyongfeng/tx511_sdk_orgin/libs/trp/rne/tx5386_ck804/TX5368x-Lib-nano/RNE-RT-Lib/examples/output_crc_demo/../../libs/32bit/librne_rt_g2.a(rne_hw_config.c.o)
 .rodata.rne_get_conv_config.str1.1