##########################################################
version: 1.1.0
Date: 2023年 05月 08日 星期一 14:28:59 CST
Publisher: xiaoxiong
    MOD:在收到server相关消息时，除去公共消息，其他消息不再返回不支持，而是调用OnRecvReqSub cxgit 2023/4/23 下午4:46
    MOD:删除多余MakeVi的申明 cxgit 2023/4/23 下午4:03
    ADD:新增183x默认配置 cxgit 2023/4/23 下午3:57
    ADD:新增VI配置 cxgit 2023/4/23 下午3:52
    MOD: cxgit 2023/4/21 下午6:23
        1.把双视模式切换移至特殊工厂sever里面
        2.修改单例类命名。
        3.修改双视模式切换的枚举值，将模式切换归类到sever里面的方法
        4.保存mesh用环境变量获取的路径
    MOD:删除依赖的sample cxgit 2023/4/20 上午10:03
    将media依赖sample迁移至第三方chip自行迭代维护 hening 2023/4/17 下午6:31
    MOD:1.新增帧同步代码，对每一帧进行时间戳判断 cxgit 2023/4/14 上午11:42
    ADD: cxgit 2023/4/12 下午6:11
        1.新增人形侦测代码
        2.新增移动侦测代码
        3.新增ISP相关代码
    MOD:182x ISP发布的收集信息中增加平均亮度字段 xiao xiong 2023/4/6 下午5:53
    FIX:修改VI打印错误
    MOD:修改VI默认配置 xiao xiong 2023/4/6 下午4:39
    FIX:修复一些注释错误
    MOD:ISP的消息中增加luma的参数 xiao xiong 2023/3/31 下午5:03
    ADD:MediaVi功能，用于控制画面在VI阶段的翻转和镜像
    MOD:在configs文件内建立芯片级目录配置文件集区分具体芯片 xiao xiong 2023/4/4 下午3:58
    MOD:1.重构部分media代码 cxgit 2023/4/3 下午3:12
    FIX:恢复ISP/QR/AI的启动 xiao xiong 2023/4/3 上午10:10
    FIX:修改自动静音不生效bug xiao xiong 2023/3/31 下午3:10
    MOD: cxgit 2023/3/29 下午5:33
    1.修改拼写错误的问题
    2.优化加载输出dat分辨率流程，标定后不再自动去切模式。
    MOD:修复时间戳问题为毫秒的问题 cxgit 2023/3/22 下午5:23
##########################################################
version: 1.0.0
Date: 2023年 02月 15日 星期三 16:16:56 CST
Publisher: xiaoxiong
    初始版本
